material processing	LABEL=MaterialProcessing	PATH=['MaterialProcessing']	ID=DEB_ontology_13082020.MaterialProcessing	SYNONYM=	PROPERTY=	
architectural organization	LABEL=ArchitecturalOrganization	PATH=['ArchitecturalOrganization']	ID=DEB_ontology_13082020.ArchitecturalOrganization	SYNONYM=	PROPERTY=	
structural details	LABEL=ManufacturedObjectFeatures	PATH=['ManufacturedObjectFeatures']	ID=DEB_ontology_13082020.StructuralDetails	SYNONYM=	PROPERTY=	
structure	LABEL=Structure	PATH=['Structure']	ID=DEB_ontology_13082020.Structure	SYNONYM=	PROPERTY=	
biomaterial	LABEL=Biomaterial	PATH=['Biomaterial']	ID=DEB_ontology_13082020.Biomaterial	SYNONYM=	PROPERTY=	
biomaterials	LABEL=Biomaterial	PATH=['Biomaterial']	ID=DEB_ontology_13082020.Biomaterial	SYNONYM=	PROPERTY=	PREFSYN=biomaterial
manufactured object	LABEL=ManufacturedObject	PATH=['ManufacturedObject']	ID=DEB_ontology_13082020.ManufacturedObject	SYNONYM=	PROPERTY=	
manufactured object component	LABEL=ManufacturedObjectComponent	PATH=['ManufacturedObjectComponent']	ID=DEB_ontology_13082020.ManufacturedObjectComponent	SYNONYM=	PROPERTY=	
biologically active substance	LABEL=BiologicallyActiveSubstance	PATH=['BiologicallyActiveSubstance']	ID=DEB_ontology_13082020.BiologicallyActiveSubstance	SYNONYM=	PROPERTY=	
associated biological process	LABEL=AssociatedBiologicalProcess	PATH=['AssociatedBiologicalProcess']	ID=DEB_ontology_13082020.AssociatedBiologicalProcess	SYNONYM=	PROPERTY=	
biological process	LABEL=AssociatedBiologicalProcess	PATH=['AssociatedBiologicalProcess']	ID=DEB_ontology_13082020.AssociatedBiologicalProcess	SYNONYM=	PROPERTY=	PREFSYN=associated biological process
study type	LABEL=StudyType	PATH=['StudyType']	ID=DEB_ontology_13082020.StudyType	SYNONYM=	PROPERTY=	
effect on biological system	LABEL=EffectOnBiologicalSystem	PATH=['EffectOnBiologicalSystem']	ID=DEB_ontology_13082020.EffectOnBiologicalSystem	SYNONYM=	PROPERTY=	
medical application	LABEL=MedicalApplication	PATH=['MedicalApplication']	ID=DEB_ontology_13082020.MedicalApplication	SYNONYM=	PROPERTY=	
manufactured object features	LABEL=ManufacturedObjectFeatures	PATH=['ManufacturedObjectFeatures']	ID=DEB_ontology_13082020.ManufacturedObjectFeatures	SYNONYM=	PROPERTY=	
biomaterial type	LABEL=BiomaterialType	PATH=['BiomaterialType']	ID=DEB_ontology_13082020.BiomaterialType	SYNONYM=	PROPERTY=	
surface	LABEL=ManufacturedObjectComponent	PATH=['ManufacturedObjectComponent']	ID=DEB_ontology_13082020.Surface	SYNONYM=	PROPERTY=	
experimental scaffold	LABEL=ManufacturedObject	PATH=['ManufacturedObject']	ID=DEB_ontology_13082020.ExperimentalScaffold	SYNONYM=	PROPERTY=	
scaffold	LABEL=ManufacturedObject	PATH=['ManufacturedObject']	ID=DEB_ontology_13082020.ExperimentalScaffold	SYNONYM=	PROPERTY=	PREFSYN=experimental scaffold
scaffolds	LABEL=ManufacturedObject	PATH=['ManufacturedObject']	ID=DEB_ontology_13082020.ExperimentalScaffold	SYNONYM=	PROPERTY=	PREFSYN=experimental scaffold
medical device	LABEL=ManufacturedObject	PATH=['ManufacturedObject']	ID=DEB_ontology_13082020.MedicalDevice	SYNONYM=	PROPERTY=	
physical property	LABEL=ManufacturedObjectFeatures	PATH=['ManufacturedObjectFeatures']	ID=DEB_ontology_13082020.PhysicalProperty	SYNONYM=	PROPERTY=	
degradation features	LABEL=DegradationFeatures	PATH=['DegradationFeatures']	ID=DEB_ontology_13082020.DegradationFeatures	SYNONYM=	PROPERTY=	
abdominal fascia closure	LABEL=MedicalApplication	PATH=['SurgicalProcedure', 'MedicalApplication']	ID=DEB_ontology_13082020.AbdominalFasciaClosure	SYNONYM=	PROPERTY=	
surgical procedure	LABEL=MedicalApplication	PATH=['MedicalApplication']	ID=DEB_ontology_13082020.SurgicalProcedure	SYNONYM=	PROPERTY=	
abscesses	LABEL=AdverseEffects	PATH=['AdverseEffects']	ID=DEB_ontology_13082020.Abscesses	SYNONYM=	PROPERTY=	
adverse effects	LABEL=AdverseEffects	PATH=['AdverseEffects']	ID=DEB_ontology_13082020.AdverseEffects	SYNONYM=	PROPERTY=	
adverseevent	LABEL=AdverseEffects	PATH=['AdverseEffects']	ID=DEB_ontology_13082020.AdverseEffects	SYNONYM=	PROPERTY=	PREFSYN=adverse effects
absorption	LABEL=DegradationFeatures	PATH=['DegradationFeatures']	ID=DEB_ontology_13082020.Absorption	SYNONYM=	PROPERTY=absorbable	
acellularity	LABEL=ManufacturedObjectFeatures	PATH=['OtherFeatures', 'ManufacturedObjectFeatures']	ID=DEB_ontology_13082020.Acellularity	SYNONYM=	PROPERTY=acellular	
other features	LABEL=ManufacturedObjectFeatures	PATH=['ManufacturedObjectFeatures']	ID=DEB_ontology_13082020.OtherFeatures	SYNONYM=	PROPERTY=	
acute inflammation	LABEL=AdverseEffects	PATH=['InflammatoryReaction', 'AdverseEffects']	ID=DEB_ontology_13082020.AcuteInflammation	SYNONYM=	PROPERTY=	
inflammatory reaction	LABEL=AdverseEffects	PATH=['AdverseEffects']	ID=DEB_ontology_13082020.InflammatoryReaction	SYNONYM=	PROPERTY=	
inflammation	LABEL=AdverseEffects	PATH=['AdverseEffects']	ID=DEB_ontology_13082020.InflammatoryReaction	SYNONYM=	PROPERTY=	PREFSYN=inflammatory reaction
inflammatoryresponse	LABEL=AdverseEffects	PATH=['AdverseEffects']	ID=DEB_ontology_13082020.InflammatoryReaction	SYNONYM=	PROPERTY=	PREFSYN=inflammatory reaction
adhesion formation	LABEL=AdverseEffects	PATH=['AdverseEffects']	ID=DEB_ontology_13082020.AdhesionFormation	SYNONYM=	PROPERTY=	
adipogenesis	LABEL=AssociatedBiologicalProcess	PATH=['AssociatedBiologicalProcess']	ID=DEB_ontology_13082020.Adipogenesis	SYNONYM=	PROPERTY=	
adsorption	LABEL=MaterialProcessing	PATH=['Coating', 'MaterialProcessing']	ID=DEB_ontology_13082020.Adsorption	SYNONYM=	PROPERTY=adsorbed	
coating	LABEL=MaterialProcessing	PATH=['MaterialProcessing']	ID=DEB_ontology_13082020.Coating	SYNONYM=	PROPERTY=coated	
airway stenting	LABEL=MedicalApplication	PATH=['SurgicalProcedure', 'MedicalApplication']	ID=DEB_ontology_13082020.AirwayStenting	SYNONYM=	PROPERTY=	
alginate	LABEL=Biomaterial	PATH=['Biomaterial']	ID=DEB_ontology_13082020.Alginate	SYNONYM=	PROPERTY=	
alignment	LABEL=ArchitecturalOrganization	PATH=['ArchitecturalOrganization']	ID=DEB_ontology_13082020.Alignment	SYNONYM=	PROPERTY=	
aligned	LABEL=ArchitecturalOrganization	PATH=['ArchitecturalOrganization']	ID=DEB_ontology_13082020.Alignment	SYNONYM=	PROPERTY=	PREFSYN=alignment
alloy	LABEL=BiomaterialType	PATH=['BiomaterialType']	ID=DEB_ontology_13082020.Alloy	SYNONYM=	PROPERTY=	
aneurysm	LABEL=AdverseEffects	PATH=['AdverseEffects']	ID=DEB_ontology_13082020.Aneurysm	SYNONYM=	PROPERTY=	
aneurysm formation	LABEL=AdverseEffects	PATH=['AdverseEffects']	ID=DEB_ontology_13082020.AneurysmFormation	SYNONYM=	PROPERTY=	
angiogenesis	LABEL=AssociatedBiologicalProcess	PATH=['AssociatedBiologicalProcess']	ID=DEB_ontology_13082020.Angiogenesis	SYNONYM=	PROPERTY=	
anisotropy	LABEL=ManufacturedObjectFeatures	PATH=['MechanicalProperty', 'ManufacturedObjectFeatures']	ID=DEB_ontology_13082020.Anisotropy	SYNONYM=	PROPERTY=	
mechanical property	LABEL=ManufacturedObjectFeatures	PATH=['ManufacturedObjectFeatures']	ID=DEB_ontology_13082020.MechanicalProperty	SYNONYM=	PROPERTY=	
mechanical properties	LABEL=ManufacturedObjectFeatures	PATH=['ManufacturedObjectFeatures']	ID=DEB_ontology_13082020.MechanicalProperty	SYNONYM=	PROPERTY=	PREFSYN=mechanical property
annealing	LABEL=MaterialProcessing	PATH=['MaterialProcessing']	ID=DEB_ontology_13082020.Annealing	SYNONYM=	PROPERTY=	
anti-adhesive	LABEL=ManufacturedObjectFeatures	PATH=['OtherFeatures', 'ManufacturedObjectFeatures']	ID=DEB_ontology_13082020.Anti-adhesive	SYNONYM=	PROPERTY=	
antibacterial effect	LABEL=EffectOnBiologicalSystem	PATH=['AntimicrobialEffect', 'EffectOnBiologicalSystem']	ID=DEB_ontology_13082020.AntibacterialEffect	SYNONYM=	PROPERTY=antibacterial	
antimicrobial effect	LABEL=EffectOnBiologicalSystem	PATH=['EffectOnBiologicalSystem']	ID=DEB_ontology_13082020.AntimicrobialEffect	SYNONYM=	PROPERTY=antimicrobial	
antibiotic eluting	LABEL=MedicalApplication	PATH=['DrugDelivery', 'MedicalApplication']	ID=DEB_ontology_13082020.AntibioticEluting	SYNONYM=	PROPERTY=	
drug delivery	LABEL=MedicalApplication	PATH=['MedicalApplication']	ID=DEB_ontology_13082020.DrugDelivery	SYNONYM=	PROPERTY=	
drug release	LABEL=MedicalApplication	PATH=['MedicalApplication']	ID=DEB_ontology_13082020.DrugDelivery	SYNONYM=	PROPERTY=	PREFSYN=drug delivery
antibiotics	LABEL=BiologicallyActiveSubstance	PATH=['BiologicallyActiveSubstance']	ID=DEB_ontology_13082020.Antibiotics	SYNONYM=	PROPERTY=	
antimycotics	LABEL=BiologicallyActiveSubstance	PATH=['BiologicallyActiveSubstance']	ID=DEB_ontology_13082020.Antimycotics	SYNONYM=	PROPERTY=	
arthroplasty	LABEL=MedicalApplication	PATH=['TissueReconstruction', 'MedicalApplication']	ID=DEB_ontology_13082020.Arthroplasty	SYNONYM=	PROPERTY=	
tissue reconstruction	LABEL=MedicalApplication	PATH=['MedicalApplication']	ID=DEB_ontology_13082020.TissueReconstruction	SYNONYM=	PROPERTY=	
tissue augmentation	LABEL=MedicalApplication	PATH=['MedicalApplication']	ID=DEB_ontology_13082020.TissueReconstruction	SYNONYM=	PROPERTY=	PREFSYN=tissue reconstruction
artificial organs	LABEL=MedicalApplication	PATH=['MedicalApplication']	ID=DEB_ontology_13082020.ArtificialOrgans	SYNONYM=	PROPERTY=	
axonal growth	LABEL=AssociatedBiologicalProcess	PATH=['CellProliferation', 'AssociatedBiologicalProcess']	ID=DEB_ontology_13082020.AxonalGrowth	SYNONYM=	PROPERTY=	
cell proliferation	LABEL=AssociatedBiologicalProcess	PATH=['AssociatedBiologicalProcess']	ID=DEB_ontology_13082020.CellProliferation	SYNONYM=	PROPERTY=	
axonal regrowth	LABEL=AssociatedBiologicalProcess	PATH=['CellProliferation', 'AssociatedBiologicalProcess']	ID=DEB_ontology_13082020.AxonalRegrowth	SYNONYM=	PROPERTY=	
BMP	LABEL=BiologicallyActiveSubstance	PATH=['BiologicallyActiveSubstance']	ID=DEB_ontology_13082020.BMP	SYNONYM=	PROPERTY=	
beta glycerolphosphate	LABEL=BiologicallyActiveSubstance	PATH=['BiologicallyActiveSubstance']	ID=DEB_ontology_13082020.BetaGlycerolphosphate	SYNONYM=	PROPERTY=	
bi-layered	LABEL=ArchitecturalOrganization	PATH=['ArchitecturalOrganization']	ID=DEB_ontology_13082020.Bi-layered	SYNONYM=	PROPERTY=	
bilayer	LABEL=ArchitecturalOrganization	PATH=['ArchitecturalOrganization']	ID=DEB_ontology_13082020.Bilayer	SYNONYM=	PROPERTY=	
bilayered	LABEL=ArchitecturalOrganization	PATH=['ArchitecturalOrganization']	ID=DEB_ontology_13082020.Bilayered	SYNONYM=	PROPERTY=	
bioactivity	LABEL=EffectOnBiologicalSystem	PATH=['EffectOnBiologicalSystem']	ID=DEB_ontology_13082020.Bioactivity	SYNONYM=	PROPERTY=bioactive	
bioceramic	LABEL=BiomaterialType	PATH=['BiomaterialType']	ID=DEB_ontology_13082020.Bioceramic	SYNONYM=	PROPERTY=	
biocompatibility	LABEL=EffectOnBiologicalSystem	PATH=['EffectOnBiologicalSystem']	ID=DEB_ontology_13082020.Biocompatibility	SYNONYM=	PROPERTY=biocompatible	
biocomposite	LABEL=BiomaterialType	PATH=['BiomaterialType']	ID=DEB_ontology_13082020.Biocomposite	SYNONYM=	PROPERTY=	
biodegradability	LABEL=DegradationFeatures	PATH=['DegradationFeatures']	ID=DEB_ontology_13082020.Biodegradability	SYNONYM=	PROPERTY=biodegradable	
bioabsorbable	LABEL=DegradationFeatures	PATH=['DegradationFeatures']	ID=DEB_ontology_13082020.Biodegradability	SYNONYM=	PROPERTY=biodegradable	PREFSYN=biodegradability
biodegradation	LABEL=DegradationFeatures	PATH=['DegradationFeatures']	ID=DEB_ontology_13082020.Biodegradability	SYNONYM=	PROPERTY=biodegradable	PREFSYN=biodegradability
bioresorption	LABEL=DegradationFeatures	PATH=['DegradationFeatures']	ID=DEB_ontology_13082020.Biodegradability	SYNONYM=	PROPERTY=biodegradable	PREFSYN=biodegradability
biofabrication	LABEL=MaterialProcessing	PATH=['MaterialProcessing']	ID=DEB_ontology_13082020.Biofabrication	SYNONYM=	PROPERTY=	
functionalization	LABEL=MaterialProcessing	PATH=['Coating', 'MaterialProcessing']	ID=DEB_ontology_13082020.Functionalization	SYNONYM=	PROPERTY=funcionalized	
biohybrid	LABEL=ManufacturedObjectFeatures	PATH=['OtherFeatures', 'ManufacturedObjectFeatures']	ID=DEB_ontology_13082020.Biohybrid	SYNONYM=	PROPERTY=	
bioinertness	LABEL=EffectOnBiologicalSystem	PATH=['EffectOnBiologicalSystem']	ID=DEB_ontology_13082020.Bioinertness	SYNONYM=	PROPERTY=	
biomineralization	LABEL=AssociatedBiologicalProcess	PATH=['AssociatedBiologicalProcess']	ID=DEB_ontology_13082020.Biomineralization	SYNONYM=	PROPERTY=mineralized	
biopolymer	LABEL=BiomaterialType	PATH=['BiomaterialType']	ID=DEB_ontology_13082020.Biopolymer	SYNONYM=	PROPERTY=	
biostimulatory	LABEL=EffectOnBiologicalSystem	PATH=['EffectOnBiologicalSystem']	ID=DEB_ontology_13082020.Biostimulatory	SYNONYM=	PROPERTY=	
blend	LABEL=BiomaterialType	PATH=['BiomaterialType']	ID=DEB_ontology_13082020.Blend	SYNONYM=	PROPERTY=	
blending	LABEL=MaterialProcessing	PATH=['MaterialProcessing']	ID=DEB_ontology_13082020.Blending	SYNONYM=	PROPERTY=blended	
block copolymer	LABEL=BiomaterialType	PATH=['Copolymer', 'BiomaterialType']	ID=DEB_ontology_13082020.BlockCopolymer	SYNONYM=	PROPERTY=	
copolymer	LABEL=BiomaterialType	PATH=['BiomaterialType']	ID=DEB_ontology_13082020.Copolymer	SYNONYM=	PROPERTY=	
bonding	LABEL=MaterialProcessing	PATH=['MaterialProcessing']	ID=DEB_ontology_13082020.Bonding	SYNONYM=	PROPERTY=	
adhesivelybonded	LABEL=MaterialProcessing	PATH=['MaterialProcessing']	ID=DEB_ontology_13082020.Bonding	SYNONYM=	PROPERTY=	PREFSYN=bonding
bonded	LABEL=MaterialProcessing	PATH=['MaterialProcessing']	ID=DEB_ontology_13082020.Bonding	SYNONYM=	PROPERTY=	PREFSYN=bonding
bone cement	LABEL=Biomaterial	PATH=['Biomaterial']	ID=DEB_ontology_13082020.BoneCement	SYNONYM=	PROPERTY=	
bony ingrowth	LABEL=AssociatedBiologicalProcess	PATH=['AssociatedBiologicalProcess']	ID=DEB_ontology_13082020.BonyIngrowth	SYNONYM=	PROPERTY=	
braiding	LABEL=MaterialProcessing	PATH=['MaterialProcessing']	ID=DEB_ontology_13082020.Braiding	SYNONYM=	PROPERTY=braided	
bulk modulus	LABEL=ManufacturedObjectFeatures	PATH=['MechanicalProperty', 'ManufacturedObjectFeatures']	ID=DEB_ontology_13082020.BulkModulus	SYNONYM=	PROPERTY=	
calcium phosphate cement	LABEL=Biomaterial	PATH=['Biomaterial']	ID=DEB_ontology_13082020.CalciumPhosphateCement	SYNONYM=	PROPERTY=	
CPC	LABEL=Biomaterial	PATH=['Biomaterial']	ID=DEB_ontology_13082020.CalciumPhosphateCement	SYNONYM=	PROPERTY=	PREFSYN=calcium phosphate cement
cap coating	LABEL=MaterialProcessing	PATH=['Coating', 'MaterialProcessing']	ID=DEB_ontology_13082020.CapCoating	SYNONYM=	PROPERTY=	
capillary ingrowth	LABEL=AssociatedBiologicalProcess	PATH=['AssociatedBiologicalProcess']	ID=DEB_ontology_13082020.CapillaryIngrowth	SYNONYM=	PROPERTY=	
capsule	LABEL=Structure	PATH=['Structure']	ID=DEB_ontology_13082020.Capsule	SYNONYM=	PROPERTY=	
cartilage autograft implantation system	LABEL=ManufacturedObject	PATH=['MedicalDevice', 'ManufacturedObject']	ID=DEB_ontology_13082020.CartilageAutograftImplantationSystem	SYNONYM=	PROPERTY=	
casting	LABEL=MaterialProcessing	PATH=['MaterialProcessing']	ID=DEB_ontology_13082020.Casting	SYNONYM=	PROPERTY=	
cell adhesion	LABEL=AssociatedBiologicalProcess	PATH=['AssociatedBiologicalProcess']	ID=DEB_ontology_13082020.CellAdhesion	SYNONYM=	PROPERTY=	
cell attachment	LABEL=AssociatedBiologicalProcess	PATH=['AssociatedBiologicalProcess']	ID=DEB_ontology_13082020.CellAdhesion	SYNONYM=	PROPERTY=	PREFSYN=cell adhesion
cell aggregation	LABEL=AssociatedBiologicalProcess	PATH=['AssociatedBiologicalProcess']	ID=DEB_ontology_13082020.CellAggregation	SYNONYM=	PROPERTY=	
cell colonization	LABEL=AssociatedBiologicalProcess	PATH=['AssociatedBiologicalProcess']	ID=DEB_ontology_13082020.CellColonization	SYNONYM=	PROPERTY=	
cell delivery	LABEL=MedicalApplication	PATH=['MedicalApplication']	ID=DEB_ontology_13082020.CellDelivery	SYNONYM=	PROPERTY=	
cell differentiation	LABEL=AssociatedBiologicalProcess	PATH=['AssociatedBiologicalProcess']	ID=DEB_ontology_13082020.CellDifferentiation	SYNONYM=	PROPERTY=	
cell encapsulation	LABEL=MedicalApplication	PATH=['Encapsulation', 'MedicalApplication']	ID=DEB_ontology_13082020.CellEncapsulation	SYNONYM=	PROPERTY=	
microencapsulated cells	LABEL=MedicalApplication	PATH=['Encapsulation', 'MedicalApplication']	ID=DEB_ontology_13082020.CellEncapsulation	SYNONYM=	PROPERTY=	PREFSYN=cell encapsulation
encapsulation	LABEL=MedicalApplication	PATH=['MedicalApplication']	ID=DEB_ontology_13082020.Encapsulation	SYNONYM=	PROPERTY=	
cell infiltration	LABEL=AssociatedBiologicalProcess	PATH=['AssociatedBiologicalProcess']	ID=DEB_ontology_13082020.CellInfiltration	SYNONYM=	PROPERTY=	
cell migration	LABEL=AssociatedBiologicalProcess	PATH=['AssociatedBiologicalProcess']	ID=DEB_ontology_13082020.CellMigration	SYNONYM=	PROPERTY=	
cell motility	LABEL=AssociatedBiologicalProcess	PATH=['AssociatedBiologicalProcess']	ID=DEB_ontology_13082020.CellMotility	SYNONYM=	PROPERTY=	
cell polarization	LABEL=AssociatedBiologicalProcess	PATH=['AssociatedBiologicalProcess']	ID=DEB_ontology_13082020.CellPolarization	SYNONYM=	PROPERTY=	
cell sheet	LABEL=ManufacturedObjectComponent	PATH=['ManufacturedObjectComponent']	ID=DEB_ontology_13082020.CellSheet	SYNONYM=	PROPERTY=	
cell viability	LABEL=AssociatedBiologicalProcess	PATH=['AssociatedBiologicalProcess']	ID=DEB_ontology_13082020.CellViability	SYNONYM=	PROPERTY=	
cellular attachment	LABEL=AssociatedBiologicalProcess	PATH=['AssociatedBiologicalProcess']	ID=DEB_ontology_13082020.CellularAttachment	SYNONYM=	PROPERTY=	
cellular differentiation	LABEL=AssociatedBiologicalProcess	PATH=['AssociatedBiologicalProcess']	ID=DEB_ontology_13082020.CellularDifferentiation	SYNONYM=	PROPERTY=	
cell differentiation	LABEL=AssociatedBiologicalProcess	PATH=['AssociatedBiologicalProcess']	ID=DEB_ontology_13082020.CellularDifferentiation	SYNONYM=	PROPERTY=	PREFSYN=cellular differentiation
differentiation	LABEL=AssociatedBiologicalProcess	PATH=['AssociatedBiologicalProcess']	ID=DEB_ontology_13082020.CellularDifferentiation	SYNONYM=	PROPERTY=	PREFSYN=cellular differentiation
cellular infiltration	LABEL=AssociatedBiologicalProcess	PATH=['AssociatedBiologicalProcess']	ID=DEB_ontology_13082020.CellularInfiltration	SYNONYM=	PROPERTY=	
cellinfiltration	LABEL=AssociatedBiologicalProcess	PATH=['AssociatedBiologicalProcess']	ID=DEB_ontology_13082020.CellularInfiltration	SYNONYM=	PROPERTY=	PREFSYN=cellular infiltration
cellular spreading	LABEL=AssociatedBiologicalProcess	PATH=['AssociatedBiologicalProcess']	ID=DEB_ontology_13082020.CellularSpreading	SYNONYM=	PROPERTY=	
cell spreading	LABEL=AssociatedBiologicalProcess	PATH=['AssociatedBiologicalProcess']	ID=DEB_ontology_13082020.CellularSpreading	SYNONYM=	PROPERTY=	PREFSYN=cellular spreading
cement	LABEL=ManufacturedObject	PATH=['MedicalDevice', 'ManufacturedObject']	ID=DEB_ontology_13082020.Cement	SYNONYM=	PROPERTY=	
ceramic	LABEL=BiomaterialType	PATH=['BiomaterialType']	ID=DEB_ontology_13082020.Ceramic	SYNONYM=	PROPERTY=	
chemical formula	LABEL=ManufacturedObjectFeatures	PATH=['ChemicalProperty', 'ManufacturedObjectFeatures']	ID=DEB_ontology_13082020.ChemicalFormula	SYNONYM=	PROPERTY=	
chemical property	LABEL=ManufacturedObjectFeatures	PATH=['ManufacturedObjectFeatures']	ID=DEB_ontology_13082020.ChemicalProperty	SYNONYM=	PROPERTY=	
chemodrug delivery	LABEL=MedicalApplication	PATH=['DrugDelivery', 'MedicalApplication']	ID=DEB_ontology_13082020.ChemodrugDelivery	SYNONYM=	PROPERTY=	
chemotaxis	LABEL=AssociatedBiologicalProcess	PATH=['AssociatedBiologicalProcess']	ID=DEB_ontology_13082020.Chemotaxis	SYNONYM=	PROPERTY=	
chemotacticactivity	LABEL=AssociatedBiologicalProcess	PATH=['AssociatedBiologicalProcess']	ID=DEB_ontology_13082020.Chemotaxis	SYNONYM=	PROPERTY=	PREFSYN=chemotaxis
chitosan	LABEL=Biomaterial	PATH=['Biomaterial']	ID=DEB_ontology_13082020.Chitosan	SYNONYM=	PROPERTY=	
chondrogenic differentiation	LABEL=AssociatedBiologicalProcess	PATH=['CellDifferentiation', 'AssociatedBiologicalProcess']	ID=DEB_ontology_13082020.ChondrogenicDifferentiation	SYNONYM=	PROPERTY=	
chondrocyte differentiation	LABEL=AssociatedBiologicalProcess	PATH=['CellDifferentiation', 'AssociatedBiologicalProcess']	ID=DEB_ontology_13082020.ChondrogenicDifferentiation	SYNONYM=	PROPERTY=	PREFSYN=chondrogenic differentiation
chronic inflammation	LABEL=AdverseEffects	PATH=['InflammatoryReaction', 'AdverseEffects']	ID=DEB_ontology_13082020.ChronicInflammation	SYNONYM=	PROPERTY=	
chronicinflammatorychanges	LABEL=AdverseEffects	PATH=['InflammatoryReaction', 'AdverseEffects']	ID=DEB_ontology_13082020.ChronicInflammation	SYNONYM=	PROPERTY=	PREFSYN=chronic inflammation
circular	LABEL=Shape	PATH=['Shape']	ID=DEB_ontology_13082020.Circular	SYNONYM=	PROPERTY=	
shape	LABEL=Shape	PATH=['Shape']	ID=DEB_ontology_13082020.Shape	SYNONYM=	PROPERTY=	
clinical study	LABEL=StudyType	PATH=['StudyType']	ID=DEB_ontology_13082020.ClinicalStudy	SYNONYM=	PROPERTY=	
coat	LABEL=ManufacturedObjectComponent	PATH=['ManufacturedObjectComponent']	ID=DEB_ontology_13082020.Coat	SYNONYM=	PROPERTY=	
collagen	LABEL=BiologicallyActiveSubstance	PATH=['BiologicallyActiveSubstance']	ID=DEB_ontology_13082020.Collagen	SYNONYM=	PROPERTY=	
collagen deposition	LABEL=AssociatedBiologicalProcess	PATH=['AssociatedBiologicalProcess']	ID=DEB_ontology_13082020.CollagenDeposition	SYNONYM=	PROPERTY=	
collagen secretion	LABEL=AssociatedBiologicalProcess	PATH=['AssociatedBiologicalProcess']	ID=DEB_ontology_13082020.CollagenSecretion	SYNONYM=	PROPERTY=	
colloid	LABEL=Structure	PATH=['Structure']	ID=DEB_ontology_13082020.Colloid	SYNONYM=	PROPERTY=	
colonic surgery	LABEL=MedicalApplication	PATH=['SurgicalProcedure', 'MedicalApplication']	ID=DEB_ontology_13082020.ColonicSurgery	SYNONYM=	PROPERTY=	
comparative	LABEL=StudyType	PATH=['StudyType']	ID=DEB_ontology_13082020.Comparative	SYNONYM=	PROPERTY=	
complications	LABEL=AdverseEffects	PATH=['AdverseEffects']	ID=DEB_ontology_13082020.Complications	SYNONYM=	PROPERTY=	
composite	LABEL=BiomaterialType	PATH=['BiomaterialType']	ID=DEB_ontology_13082020.Composite	SYNONYM=	PROPERTY=	
composite graft	LABEL=ManufacturedObject	PATH=['SurgicalImplant', 'ManufacturedObject']	ID=DEB_ontology_13082020.CompositeGraft	SYNONYM=	PROPERTY=	
surgical implant	LABEL=ManufacturedObject	PATH=['ManufacturedObject']	ID=DEB_ontology_13082020.SurgicalImplant	SYNONYM=	PROPERTY=	
implant	LABEL=ManufacturedObject	PATH=['ManufacturedObject']	ID=DEB_ontology_13082020.SurgicalImplant	SYNONYM=	PROPERTY=	PREFSYN=surgical implant
compressive modulus	LABEL=ManufacturedObjectFeatures	PATH=['MechanicalProperty', 'ManufacturedObjectFeatures']	ID=DEB_ontology_13082020.CompressiveModulus	SYNONYM=	PROPERTY=	
compressive strength	LABEL=ManufacturedObjectFeatures	PATH=['MechanicalProperty', 'ManufacturedObjectFeatures']	ID=DEB_ontology_13082020.CompressiveStrength	SYNONYM=	PROPERTY=	
computational	LABEL=StudyType	PATH=['StudyType']	ID=DEB_ontology_13082020.Computational	SYNONYM=	PROPERTY=	
conditioning	LABEL=MaterialProcessing	PATH=['MaterialProcessing']	ID=DEB_ontology_13082020.Conditioning	SYNONYM=	PROPERTY=conditioned	
conductivity	LABEL=ManufacturedObjectFeatures	PATH=['PhysicalProperty', 'ManufacturedObjectFeatures']	ID=DEB_ontology_13082020.Conductivity	SYNONYM=	PROPERTY=conductive	
contaminated wound	LABEL=AdverseEffects	PATH=['AdverseEffects']	ID=DEB_ontology_13082020.ContaminatedWound	SYNONYM=	PROPERTY=	
continuous suture	LABEL=ManufacturedObject	PATH=['SurgicalImplant', 'ManufacturedObject']	ID=DEB_ontology_13082020.ContinuousSuture	SYNONYM=	PROPERTY=	
core	LABEL=ManufacturedObjectComponent	PATH=['ManufacturedObjectComponent']	ID=DEB_ontology_13082020.Core	SYNONYM=	PROPERTY=	
corrosion behavior	LABEL=ManufacturedObjectFeatures	PATH=['OtherFeatures', 'ManufacturedObjectFeatures']	ID=DEB_ontology_13082020.CorrosionBehavior	SYNONYM=	PROPERTY=	
corrosion	LABEL=ManufacturedObjectFeatures	PATH=['OtherFeatures', 'ManufacturedObjectFeatures']	ID=DEB_ontology_13082020.CorrosionBehavior	SYNONYM=	PROPERTY=	PREFSYN=corrosion behavior
crosslinking	LABEL=MaterialProcessing	PATH=['MaterialProcessing']	ID=DEB_ontology_13082020.Crosslinking	SYNONYM=	PROPERTY=crosslinked	
cruciate ligament reconstruction	LABEL=MedicalApplication	PATH=['TissueReconstruction', 'MedicalApplication']	ID=DEB_ontology_13082020.CruciateLigamentReconstruction	SYNONYM=	PROPERTY=	
cryogel	LABEL=Structure	PATH=['Structure']	ID=DEB_ontology_13082020.Cryogel	SYNONYM=	PROPERTY=	
cryomilling	LABEL=MaterialProcessing	PATH=['MaterialProcessing']	ID=DEB_ontology_13082020.Cryomilling	SYNONYM=	PROPERTY=	
crystal structure	LABEL=ManufacturedObjectFeatures	PATH=['ChemicalProperty', 'ManufacturedObjectFeatures']	ID=DEB_ontology_13082020.CrystalStructure	SYNONYM=	PROPERTY=	
crystallinity	LABEL=ManufacturedObjectFeatures	PATH=['ChemicalProperty', 'ManufacturedObjectFeatures']	ID=DEB_ontology_13082020.Crystallinity	SYNONYM=	PROPERTY=	
cube	LABEL=Shape	PATH=['Shape']	ID=DEB_ontology_13082020.Cube	SYNONYM=	PROPERTY=	
custom made	LABEL=ManufacturedObjectFeatures	PATH=['OtherFeatures', 'ManufacturedObjectFeatures']	ID=DEB_ontology_13082020.CustomMade	SYNONYM=	PROPERTY=	
cylinder	LABEL=Shape	PATH=['Shape']	ID=DEB_ontology_13082020.Cylinder	SYNONYM=cylindrical	PROPERTY=	
cylindrical	LABEL=Shape	PATH=['Shape']	ID=DEB_ontology_13082020.Cylindrical	SYNONYM=	PROPERTY=	
cytocompatibility	LABEL=EffectOnBiologicalSystem	PATH=['EffectOnBiologicalSystem']	ID=DEB_ontology_13082020.Cytocompatibility	SYNONYM=	PROPERTY=cytocompatible	
cytotoxicity	LABEL=AdverseEffects	PATH=['AdverseEffects']	ID=DEB_ontology_13082020.Cytotoxicity	SYNONYM=	PROPERTY=cytotoxic	
decellularization	LABEL=MaterialProcessing	PATH=['MaterialProcessing']	ID=DEB_ontology_13082020.Decellularization	SYNONYM=	PROPERTY=decellularized	
decellularized matrix	LABEL=BiomaterialType	PATH=['BiomaterialType']	ID=DEB_ontology_13082020.DecellularizedMatrix	SYNONYM=	PROPERTY=	
deformation	LABEL=ManufacturedObjectFeatures	PATH=['MechanicalProperty', 'ManufacturedObjectFeatures']	ID=DEB_ontology_13082020.Deformation	SYNONYM=	PROPERTY=	
degradability	LABEL=DegradationFeatures	PATH=['DegradationFeatures']	ID=DEB_ontology_13082020.Degradability	SYNONYM=	PROPERTY=degradable	
degradation	LABEL=DegradationFeatures	PATH=['DegradationFeatures']	ID=DEB_ontology_13082020.Degradability	SYNONYM=	PROPERTY=degradable	PREFSYN=degradability
degradation rate	LABEL=DegradationFeatures	PATH=['DegradationFeatures']	ID=DEB_ontology_13082020.DegradationRate	SYNONYM=	PROPERTY=	
degradation resistance	LABEL=DegradationFeatures	PATH=['DegradationFeatures']	ID=DEB_ontology_13082020.DegradationResistance	SYNONYM=	PROPERTY=	
delayed resoption	LABEL=DegradationFeatures	PATH=['DegradationFeatures']	ID=DEB_ontology_13082020.DelayedResoption	SYNONYM=	PROPERTY=	
demineralized bone matrix	LABEL=BiologicallyActiveSubstance	PATH=['BiologicallyActiveSubstance']	ID=DEB_ontology_13082020.DemineralizedBoneMatrix	SYNONYM=	PROPERTY=	
density	LABEL=ManufacturedObjectFeatures	PATH=['MechanicalProperty', 'ManufacturedObjectFeatures']	ID=DEB_ontology_13082020.Density	SYNONYM=	PROPERTY=	
deposition	LABEL=MaterialProcessing	PATH=['Coating', 'MaterialProcessing']	ID=DEB_ontology_13082020.Deposition	SYNONYM=	PROPERTY=	
diameter	LABEL=ManufacturedObjectFeatures	PATH=['PhysicalProperty', 'ManufacturedObjectFeatures']	ID=DEB_ontology_13082020.Diameter	SYNONYM=	PROPERTY=	
digestive surgery	LABEL=MedicalApplication	PATH=['SurgicalProcedure', 'MedicalApplication']	ID=DEB_ontology_13082020.DigestiveSurgery	SYNONYM=	PROPERTY=	
disk	LABEL=Shape	PATH=['Shape']	ID=DEB_ontology_13082020.Disk	SYNONYM=	PROPERTY=	
distensibility	LABEL=ManufacturedObjectFeatures	PATH=['MechanicalProperty', 'ManufacturedObjectFeatures']	ID=DEB_ontology_13082020.Distensibility	SYNONYM=	PROPERTY=	
doping	LABEL=MaterialProcessing	PATH=['MaterialProcessing']	ID=DEB_ontology_13082020.Doping	SYNONYM=	PROPERTY=	
ductility	LABEL=ManufacturedObjectFeatures	PATH=['MechanicalProperty', 'ManufacturedObjectFeatures']	ID=DEB_ontology_13082020.Ductility	SYNONYM=	PROPERTY=	
EPTFE	LABEL=Biomaterial	PATH=['Biomaterial']	ID=DEB_ontology_13082020.EPTFE	SYNONYM=	PROPERTY=	
edema	LABEL=AdverseEffects	PATH=['AdverseEffects']	ID=DEB_ontology_13082020.Edema	SYNONYM=	PROPERTY=	
oedema	LABEL=AdverseEffects	PATH=['AdverseEffects']	ID=DEB_ontology_13082020.Edema	SYNONYM=	PROPERTY=	PREFSYN=edema
electrospinning	LABEL=MaterialProcessing	PATH=['MaterialProcessing']	ID=DEB_ontology_13082020.Electrospinning	SYNONYM=	PROPERTY=electrospun	
electrospraying	LABEL=MaterialProcessing	PATH=['MaterialProcessing']	ID=DEB_ontology_13082020.Electrospraying	SYNONYM=	PROPERTY=	
endothelial differentiation	LABEL=AssociatedBiologicalProcess	PATH=['CellDifferentiation', 'AssociatedBiologicalProcess']	ID=DEB_ontology_13082020.EndothelialDifferentiation	SYNONYM=	PROPERTY=	
endothelialization	LABEL=AssociatedBiologicalProcess	PATH=['AssociatedBiologicalProcess']	ID=DEB_ontology_13082020.Endothelialization	SYNONYM=	PROPERTY=	
engraftment	LABEL=AssociatedBiologicalProcess	PATH=['AssociatedBiologicalProcess']	ID=DEB_ontology_13082020.Engraftment	SYNONYM=	PROPERTY=	
enzymatic treatment	LABEL=MaterialProcessing	PATH=['MaterialProcessing']	ID=DEB_ontology_13082020.EnzymaticTreatment	SYNONYM=	PROPERTY=	
epithelialization	LABEL=AssociatedBiologicalProcess	PATH=['AssociatedBiologicalProcess']	ID=DEB_ontology_13082020.Epithelialization	SYNONYM=	PROPERTY=	
epoxy coating	LABEL=MaterialProcessing	PATH=['Coating', 'MaterialProcessing']	ID=DEB_ontology_13082020.EpoxyCoating	SYNONYM=	PROPERTY=	
etching	LABEL=MaterialProcessing	PATH=['MaterialProcessing']	ID=DEB_ontology_13082020.Etching	SYNONYM=	PROPERTY=etched	
ex vivo	LABEL=StudyType	PATH=['StudyType']	ID=DEB_ontology_13082020.ExVivo	SYNONYM=	PROPERTY=	
extrusion	LABEL=MaterialProcessing	PATH=['MaterialProcessing']	ID=DEB_ontology_13082020.Extrusion	SYNONYM=	PROPERTY=extruded	
femoro popliteal bypass	LABEL=MedicalApplication	PATH=['SurgicalProcedure', 'MedicalApplication']	ID=DEB_ontology_13082020.FemoroPoplitealBypass	SYNONYM=	PROPERTY=	
fiber	LABEL=Structure	PATH=['Structure']	ID=DEB_ontology_13082020.Fiber	SYNONYM=	PROPERTY=fibrous	
fibers	LABEL=Structure	PATH=['Structure']	ID=DEB_ontology_13082020.Fiber	SYNONYM=	PROPERTY=fibrous	PREFSYN=fiber
fibre	LABEL=Structure	PATH=['Structure']	ID=DEB_ontology_13082020.Fiber	SYNONYM=	PROPERTY=fibrous	PREFSYN=fiber
fibres	LABEL=Structure	PATH=['Structure']	ID=DEB_ontology_13082020.Fiber	SYNONYM=	PROPERTY=fibrous	PREFSYN=fiber
fiber alignment	LABEL=ArchitecturalOrganization	PATH=['Alignment', 'ArchitecturalOrganization']	ID=DEB_ontology_13082020.FiberAlignment	SYNONYM=	PROPERTY=	
fibroblast infiltration	LABEL=AssociatedBiologicalProcess	PATH=['CellInfiltration', 'AssociatedBiologicalProcess']	ID=DEB_ontology_13082020.FibroblastInfiltration	SYNONYM=	PROPERTY=	
fibroin	LABEL=Biomaterial	PATH=['Silk', 'Biomaterial']	ID=DEB_ontology_13082020.Fibroin	SYNONYM=	PROPERTY=	
silk	LABEL=Biomaterial	PATH=['Biomaterial']	ID=DEB_ontology_13082020.Silk	SYNONYM=	PROPERTY=	
fibronectin	LABEL=BiologicallyActiveSubstance	PATH=['BiologicallyActiveSubstance']	ID=DEB_ontology_13082020.Fibronectin	SYNONYM=	PROPERTY=	
fibrotic reaction	LABEL=AdverseEffects	PATH=['AdverseEffects']	ID=DEB_ontology_13082020.FibroticReaction	SYNONYM=	PROPERTY=	
filament	LABEL=Structure	PATH=['Structure']	ID=DEB_ontology_13082020.Filament	SYNONYM=	PROPERTY=	
film	LABEL=Structure	PATH=['Structure']	ID=DEB_ontology_13082020.Film	SYNONYM=	PROPERTY=	
flexibility	LABEL=ManufacturedObjectFeatures	PATH=['MechanicalProperty', 'ManufacturedObjectFeatures']	ID=DEB_ontology_13082020.Flexibility	SYNONYM=	PROPERTY=flexible	
foam	LABEL=Structure	PATH=['Structure']	ID=DEB_ontology_13082020.Foam	SYNONYM=	PROPERTY=	
foaming	LABEL=MaterialProcessing	PATH=['MaterialProcessing']	ID=DEB_ontology_13082020.Foaming	SYNONYM=	PROPERTY=foamed	
foil	LABEL=Structure	PATH=['Structure']	ID=DEB_ontology_13082020.Foil	SYNONYM=	PROPERTY=	
foreign body reaction	LABEL=EffectOnBiologicalSystem	PATH=['EffectOnBiologicalSystem']	ID=DEB_ontology_13082020.ForeignBodyReaction	SYNONYM=	PROPERTY=	
foreign body response	LABEL=AdverseEffects	PATH=['AdverseEffects']	ID=DEB_ontology_13082020.ForeignBodyResponse	SYNONYM=	PROPERTY=	
foreignbody	LABEL=AdverseEffects	PATH=['AdverseEffects']	ID=DEB_ontology_13082020.ForeignBodyResponse	SYNONYM=	PROPERTY=	PREFSYN=foreign body response
formation of adhesions	LABEL=AdverseEffects	PATH=['AdverseEffects']	ID=DEB_ontology_13082020.FormationOfAdhesions	SYNONYM=	PROPERTY=	
fragmentation	LABEL=DegradationFeatures	PATH=['DegradationFeatures']	ID=DEB_ontology_13082020.Fragmentation	SYNONYM=	PROPERTY=	
freeze drying	LABEL=MaterialProcessing	PATH=['MaterialProcessing']	ID=DEB_ontology_13082020.FreezeDrying	SYNONYM=	PROPERTY=	
freeze-dried	LABEL=MaterialProcessing	PATH=['MaterialProcessing']	ID=DEB_ontology_13082020.FreezeDrying	SYNONYM=	PROPERTY=	PREFSYN=freeze drying
freeze-drying	LABEL=MaterialProcessing	PATH=['MaterialProcessing']	ID=DEB_ontology_13082020.FreezeDrying	SYNONYM=	PROPERTY=	PREFSYN=freeze drying
gel	LABEL=Structure	PATH=['Structure']	ID=DEB_ontology_13082020.Gel	SYNONYM=	PROPERTY=	
gelation	LABEL=MaterialProcessing	PATH=['MaterialProcessing']	ID=DEB_ontology_13082020.Gelation	SYNONYM=	PROPERTY=	
gelling	LABEL=MaterialProcessing	PATH=['MaterialProcessing']	ID=DEB_ontology_13082020.Gelling	SYNONYM=	PROPERTY=	
geometry	LABEL=ManufacturedObjectFeatures	PATH=['ManufacturedObjectFeatures']	ID=DEB_ontology_13082020.Geometry	SYNONYM=	PROPERTY=	
glass	LABEL=BiomaterialType	PATH=['BiomaterialType']	ID=DEB_ontology_13082020.Glass	SYNONYM=	PROPERTY=	
glass-transition temperature	LABEL=ManufacturedObjectFeatures	PATH=['PhysicalProperty', 'ManufacturedObjectFeatures']	ID=DEB_ontology_13082020.Glass-transitionTemperature	SYNONYM=	PROPERTY=	
glial cell motility	LABEL=AssociatedBiologicalProcess	PATH=['CellMotility', 'AssociatedBiologicalProcess']	ID=DEB_ontology_13082020.GlialCellMotility	SYNONYM=	PROPERTY=	
glial growth	LABEL=AssociatedBiologicalProcess	PATH=['CellProliferation', 'AssociatedBiologicalProcess']	ID=DEB_ontology_13082020.GlialGrowth	SYNONYM=	PROPERTY=	
glue	LABEL=Structure	PATH=['Structure']	ID=DEB_ontology_13082020.Glue	SYNONYM=	PROPERTY=	
granule	LABEL=Structure	PATH=['Structure']	ID=DEB_ontology_13082020.Granule	SYNONYM=	PROPERTY=	
groove	LABEL=ManufacturedObjectFeatures	PATH=['StructuralDetails', 'ManufacturedObjectFeatures']	ID=DEB_ontology_13082020.Groove	SYNONYM=	PROPERTY=grooved	
grooved	LABEL=ManufacturedObjectFeatures	PATH=['StructuralDetails', 'ManufacturedObjectFeatures']	ID=DEB_ontology_13082020.Groove	SYNONYM=	PROPERTY=grooved	PREFSYN=groove
growth substrate	LABEL=ManufacturedObject	PATH=['ExperimentalScaffold', 'ManufacturedObject']	ID=DEB_ontology_13082020.GrowthSubstrate	SYNONYM=	PROPERTY=	
substrate	LABEL=ManufacturedObject	PATH=['ExperimentalScaffold', 'ManufacturedObject']	ID=DEB_ontology_13082020.GrowthSubstrate	SYNONYM=	PROPERTY=	PREFSYN=growth substrate
headache	LABEL=AdverseEffects	PATH=['AdverseEffects']	ID=DEB_ontology_13082020.Headache	SYNONYM=	PROPERTY=	
helical coil	LABEL=Shape	PATH=['Shape']	ID=DEB_ontology_13082020.HelicalCoil	SYNONYM=	PROPERTY=	
hematopoietic cell differentiation	LABEL=AssociatedBiologicalProcess	PATH=['CellDifferentiation', 'AssociatedBiologicalProcess']	ID=DEB_ontology_13082020.HematopoieticCellDifferentiation	SYNONYM=	PROPERTY=	
hemocompatibility	LABEL=EffectOnBiologicalSystem	PATH=['EffectOnBiologicalSystem']	ID=DEB_ontology_13082020.Hemocompatibility	SYNONYM=	PROPERTY=	
heparin	LABEL=BiologicallyActiveSubstance	PATH=['BiologicallyActiveSubstance']	ID=DEB_ontology_13082020.Heparin	SYNONYM=	PROPERTY=	
hepatobiliary surgery	LABEL=MedicalApplication	PATH=['SurgicalProcedure', 'MedicalApplication']	ID=DEB_ontology_13082020.HepatobiliarySurgery	SYNONYM=	PROPERTY=	
hierarchical	LABEL=ArchitecturalOrganization	PATH=['ArchitecturalOrganization']	ID=DEB_ontology_13082020.Hierarchical	SYNONYM=	PROPERTY=	
human derived matrix	LABEL=BiologicallyActiveSubstance	PATH=['BiologicallyActiveSubstance']	ID=DEB_ontology_13082020.HumanDerivedMatrix	SYNONYM=	PROPERTY=	
hydration	LABEL=MaterialProcessing	PATH=['MaterialProcessing']	ID=DEB_ontology_13082020.Hydration	SYNONYM=	PROPERTY=hydrated	
hydrogel	LABEL=Structure	PATH=['Gel', 'Structure']	ID=DEB_ontology_13082020.Hydrogel	SYNONYM=	PROPERTY=	
hydrogel expander	LABEL=ManufacturedObject	PATH=['SurgicalImplant', 'ManufacturedObject']	ID=DEB_ontology_13082020.HydrogelExpander	SYNONYM=	PROPERTY=	
hydrophilicity	LABEL=ManufacturedObjectFeatures	PATH=['PhysicalProperty', 'ManufacturedObjectFeatures']	ID=DEB_ontology_13082020.Hydrophilicity	SYNONYM=	PROPERTY=hydrophilic	
hydrophobicity	LABEL=ManufacturedObjectFeatures	PATH=['PhysicalProperty', 'ManufacturedObjectFeatures']	ID=DEB_ontology_13082020.Hydrophobicity	SYNONYM=	PROPERTY=hydrophobic	
hydroxyapatite	LABEL=Biomaterial	PATH=['Biomaterial']	ID=DEB_ontology_13082020.Hydroxyapatite	SYNONYM=	PROPERTY=	
HA	LABEL=Biomaterial	PATH=['Biomaterial']	ID=DEB_ontology_13082020.Hydroxyapatite	SYNONYM=	PROPERTY=	PREFSYN=hydroxyapatite
hypospadias surgery	LABEL=MedicalApplication	PATH=['SurgicalProcedure', 'MedicalApplication']	ID=DEB_ontology_13082020.HypospadiasSurgery	SYNONYM=	PROPERTY=	
immobilization	LABEL=MaterialProcessing	PATH=['MaterialProcessing']	ID=DEB_ontology_13082020.Immobilization	SYNONYM=	PROPERTY=	
immunomodulatory	LABEL=EffectOnBiologicalSystem	PATH=['EffectOnBiologicalSystem']	ID=DEB_ontology_13082020.Immunomodulatory	SYNONYM=	PROPERTY=	
immunologicresponses	LABEL=EffectOnBiologicalSystem	PATH=['EffectOnBiologicalSystem']	ID=DEB_ontology_13082020.Immunomodulatory	SYNONYM=	PROPERTY=	PREFSYN=immunomodulatory
immunotoxicological effect	LABEL=AdverseEffects	PATH=['AdverseEffects']	ID=DEB_ontology_13082020.ImmunotoxicologicalEffect	SYNONYM=	PROPERTY=	
impermeability	LABEL=ManufacturedObjectFeatures	PATH=['PhysicalProperty', 'ManufacturedObjectFeatures']	ID=DEB_ontology_13082020.Impermeability	SYNONYM=	PROPERTY=impermeable	
implant rejection	LABEL=AdverseEffects	PATH=['AdverseEffects']	ID=DEB_ontology_13082020.ImplantRejection	SYNONYM=	PROPERTY=	
rejectionof the implant	LABEL=AdverseEffects	PATH=['AdverseEffects']	ID=DEB_ontology_13082020.ImplantRejection	SYNONYM=	PROPERTY=	PREFSYN=implant rejection
implantable cardiovascular device	LABEL=ManufacturedObject	PATH=['MedicalDevice', 'ManufacturedObject']	ID=DEB_ontology_13082020.ImplantableCardiovascularDevice	SYNONYM=	PROPERTY=	
implantation	LABEL=MedicalApplication	PATH=['MedicalApplication']	ID=DEB_ontology_13082020.Implantation	SYNONYM=	PROPERTY=	
impregnating	LABEL=MaterialProcessing	PATH=['MaterialProcessing']	ID=DEB_ontology_13082020.Impregnating	SYNONYM=	PROPERTY=	
impregnation	LABEL=MaterialProcessing	PATH=['MaterialProcessing']	ID=DEB_ontology_13082020.Impregnating	SYNONYM=	PROPERTY=	PREFSYN=impregnating
in vitro	LABEL=StudyType	PATH=['StudyType']	ID=DEB_ontology_13082020.InVitro	SYNONYM=	PROPERTY=	
in-vitro	LABEL=StudyType	PATH=['StudyType']	ID=DEB_ontology_13082020.InVitro	SYNONYM=	PROPERTY=	PREFSYN=in vitro
in vivo	LABEL=StudyType	PATH=['StudyType']	ID=DEB_ontology_13082020.InVivo	SYNONYM=	PROPERTY=	
in-vivo	LABEL=StudyType	PATH=['StudyType']	ID=DEB_ontology_13082020.InVivo	SYNONYM=	PROPERTY=	PREFSYN=in vivo
pore	LABEL=ManufacturedObjectFeatures	PATH=['StructuralDetails', 'ManufacturedObjectFeatures']	ID=DEB_ontology_13082020.Pore	SYNONYM=	PROPERTY=	
interconnectivity	LABEL=ArchitecturalOrganization	PATH=['ArchitecturalOrganization']	ID=DEB_ontology_13082020.Interconnectivity	SYNONYM=	PROPERTY=	
intraperitoneal onlay mesh	LABEL=MedicalApplication	PATH=['SurgicalProcedure', 'MedicalApplication']	ID=DEB_ontology_13082020.IntraperitonealOnlayMesh	SYNONYM=	PROPERTY=	
IPOM	LABEL=MedicalApplication	PATH=['SurgicalProcedure', 'MedicalApplication']	ID=DEB_ontology_13082020.IntraperitonealOnlayMesh	SYNONYM=	PROPERTY=	PREFSYN=intraperitoneal onlay mesh
knitting	LABEL=MaterialProcessing	PATH=['MaterialProcessing']	ID=DEB_ontology_13082020.Knitting	SYNONYM=	PROPERTY=knitted	
laparoscopic intraperitoneal implantation	LABEL=MedicalApplication	PATH=['SurgicalProcedure', 'MedicalApplication']	ID=DEB_ontology_13082020.LaparoscopicIntraperitonealImplantation	SYNONYM=	PROPERTY=	
lattice	LABEL=Structure	PATH=['Structure']	ID=DEB_ontology_13082020.Lattice	SYNONYM=	PROPERTY=	
layer	LABEL=ManufacturedObjectComponent	PATH=['ManufacturedObjectComponent']	ID=DEB_ontology_13082020.Layer	SYNONYM=	PROPERTY=	
layered	LABEL=ArchitecturalOrganization	PATH=['ArchitecturalOrganization']	ID=DEB_ontology_13082020.Layered	SYNONYM=	PROPERTY=	
layered closure	LABEL=MedicalApplication	PATH=['SurgicalProcedure', 'MedicalApplication']	ID=DEB_ontology_13082020.LayeredClosure	SYNONYM=	PROPERTY=	
life threatening complication	LABEL=AdverseEffects	PATH=['Complications', 'AdverseEffects']	ID=DEB_ontology_13082020.LifeThreateningComplication	SYNONYM=	PROPERTY=	
lipoaspirate fat	LABEL=BiologicallyActiveSubstance	PATH=['BiologicallyActiveSubstance']	ID=DEB_ontology_13082020.LipoaspirateFat	SYNONYM=	PROPERTY=	
load to failure	LABEL=ManufacturedObjectFeatures	PATH=['MechanicalProperty', 'ManufacturedObjectFeatures']	ID=DEB_ontology_13082020.LoadToFailure	SYNONYM=	PROPERTY=	
luminal obstruction	LABEL=AdverseEffects	PATH=['AdverseEffects']	ID=DEB_ontology_13082020.LuminalObstruction	SYNONYM=	PROPERTY=	
macrophage functional polarization	LABEL=AssociatedBiologicalProcess	PATH=['CellPolarization', 'AssociatedBiologicalProcess']	ID=DEB_ontology_13082020.MacrophageFunctionalPolarization	SYNONYM=	PROPERTY=	
porosity	LABEL=ManufacturedObjectFeatures	PATH=['PhysicalProperty', 'ManufacturedObjectFeatures']	ID=DEB_ontology_13082020.Porosity	SYNONYM=	PROPERTY=porous	
texture	LABEL=ManufacturedObjectFeatures	PATH=['PhysicalProperty', 'ManufacturedObjectFeatures']	ID=DEB_ontology_13082020.Texture	SYNONYM=	PROPERTY=textured	
manufacture	LABEL=MaterialProcessing	PATH=['MaterialProcessing']	ID=DEB_ontology_13082020.Manufacture	SYNONYM=	PROPERTY=	
mat	LABEL=Structure	PATH=['Structure']	ID=DEB_ontology_13082020.Mat	SYNONYM=	PROPERTY=	
matrice	LABEL=Structure	PATH=['Structure']	ID=DEB_ontology_13082020.Matrice	SYNONYM=	PROPERTY=	
matrices	LABEL=Structure	PATH=['Structure']	ID=DEB_ontology_13082020.Matrice	SYNONYM=	PROPERTY=	PREFSYN=matrice
matrigel	LABEL=Biomaterial	PATH=['Biomaterial']	ID=DEB_ontology_13082020.Matrigel	SYNONYM=	PROPERTY=	
matrix deposition	LABEL=AssociatedBiologicalProcess	PATH=['AssociatedBiologicalProcess']	ID=DEB_ontology_13082020.MatrixDeposition	SYNONYM=	PROPERTY=	
matrix synthesis	LABEL=AssociatedBiologicalProcess	PATH=['AssociatedBiologicalProcess']	ID=DEB_ontology_13082020.MatrixSynthesis	SYNONYM=	PROPERTY=	
maximum load	LABEL=ManufacturedObjectFeatures	PATH=['MechanicalProperty', 'ManufacturedObjectFeatures']	ID=DEB_ontology_13082020.MaximumLoad	SYNONYM=ultimate strength	PROPERTY=	
ultimate strength	LABEL=ManufacturedObjectFeatures	PATH=['MechanicalProperty', 'ManufacturedObjectFeatures']	ID=DEB_ontology_13082020.UltimateStrength	SYNONYM=ultimate tensile strength	PROPERTY=	
maximum strain	LABEL=ManufacturedObjectFeatures	PATH=['MechanicalProperty', 'ManufacturedObjectFeatures']	ID=DEB_ontology_13082020.MaximumStrain	SYNONYM=	PROPERTY=	
medical textile	LABEL=ManufacturedObject	PATH=['ManufacturedObject']	ID=DEB_ontology_13082020.MedicalTextile	SYNONYM=	PROPERTY=	
membrane	LABEL=Structure	PATH=['Structure']	ID=DEB_ontology_13082020.Membrane	SYNONYM=	PROPERTY=	
meniscal scaffold	LABEL=ManufacturedObject	PATH=['ExperimentalScaffold', 'ManufacturedObject']	ID=DEB_ontology_13082020.MeniscalScaffold	SYNONYM=	PROPERTY=	
mesh	LABEL=Structure	PATH=['Structure']	ID=DEB_ontology_13082020.Mesh	SYNONYM=	PROPERTY=	
metal	LABEL=BiomaterialType	PATH=['BiomaterialType']	ID=DEB_ontology_13082020.Metal	SYNONYM=	PROPERTY=metallic	
microbead	LABEL=Structure	PATH=['Structure']	ID=DEB_ontology_13082020.Microbead	SYNONYM=	PROPERTY=	
microcarrier	LABEL=MedicalApplication	PATH=['MedicalApplication']	ID=DEB_ontology_13082020.Microcarrier	SYNONYM=	PROPERTY=	
microfiber	LABEL=Structure	PATH=['Fiber', 'Structure']	ID=DEB_ontology_13082020.Microfiber	SYNONYM=microfibre	PROPERTY=microfibrous	
microfibre	LABEL=Structure	PATH=['Fiber', 'Structure']	ID=DEB_ontology_13082020.Microfibre	SYNONYM=	PROPERTY=	
microgel	LABEL=Structure	PATH=['Gel', 'Structure']	ID=DEB_ontology_13082020.Microgel	SYNONYM=	PROPERTY=	
microparticle	LABEL=Structure	PATH=['Structure']	ID=DEB_ontology_13082020.Microparticle	SYNONYM=	PROPERTY=	
microsphere	LABEL=Structure	PATH=['Structure']	ID=DEB_ontology_13082020.Microsphere	SYNONYM=	PROPERTY=	
milling	LABEL=MaterialProcessing	PATH=['MaterialProcessing']	ID=DEB_ontology_13082020.Milling	SYNONYM=	PROPERTY=milled	
molar mass	LABEL=ManufacturedObjectFeatures	PATH=['ChemicalProperty', 'ManufacturedObjectFeatures']	ID=DEB_ontology_13082020.MolarMass	SYNONYM=	PROPERTY=	
molecular structure	LABEL=ManufacturedObjectFeatures	PATH=['ChemicalProperty', 'ManufacturedObjectFeatures']	ID=DEB_ontology_13082020.MolecularStructure	SYNONYM=	PROPERTY=	
monofilament	LABEL=Structure	PATH=['Structure']	ID=DEB_ontology_13082020.Monofilament	SYNONYM=	PROPERTY=	
morphology	LABEL=ManufacturedObjectFeatures	PATH=['PhysicalProperty', 'ManufacturedObjectFeatures']	ID=DEB_ontology_13082020.Morphology	SYNONYM=	PROPERTY=	
multi-layered	LABEL=ArchitecturalOrganization	PATH=['ArchitecturalOrganization']	ID=DEB_ontology_13082020.Multi-layered	SYNONYM=	PROPERTY=	
multifilament	LABEL=Structure	PATH=['Structure']	ID=DEB_ontology_13082020.Multifilament	SYNONYM=polyfilament	PROPERTY=	
polyfilament	LABEL=Structure	PATH=['Structure']	ID=DEB_ontology_13082020.Polyfilament	SYNONYM=	PROPERTY=	
multilayer	LABEL=ArchitecturalOrganization	PATH=['ArchitecturalOrganization']	ID=DEB_ontology_13082020.Multilayer	SYNONYM=	PROPERTY=	
multilayered	LABEL=ArchitecturalOrganization	PATH=['ArchitecturalOrganization']	ID=DEB_ontology_13082020.Multilayered	SYNONYM=	PROPERTY=	
multilineage differentiation	LABEL=AssociatedBiologicalProcess	PATH=['CellDifferentiation', 'AssociatedBiologicalProcess']	ID=DEB_ontology_13082020.MultilineageDifferentiation	SYNONYM=	PROPERTY=	
myogenic differentiation	LABEL=AssociatedBiologicalProcess	PATH=['CellDifferentiation', 'AssociatedBiologicalProcess']	ID=DEB_ontology_13082020.MyogenicDifferentiation	SYNONYM=	PROPERTY=	
nanobioglass	LABEL=BiomaterialType	PATH=['BiomaterialType']	ID=DEB_ontology_13082020.Nanobioglass	SYNONYM=	PROPERTY=	
nanocoating	LABEL=MaterialProcessing	PATH=['Coating', 'MaterialProcessing']	ID=DEB_ontology_13082020.Nanocoating	SYNONYM=	PROPERTY=	
nanocomposite	LABEL=Structure	PATH=['Structure']	ID=DEB_ontology_13082020.Nanocomposite	SYNONYM=	PROPERTY=	
nanocrystal	LABEL=Structure	PATH=['Structure']	ID=DEB_ontology_13082020.Nanocrystal	SYNONYM=	PROPERTY=	
nanoencapsulation	LABEL=MedicalApplication	PATH=['Encapsulation', 'MedicalApplication']	ID=DEB_ontology_13082020.Nanoencapsulation	SYNONYM=	PROPERTY=	
nanofiber	LABEL=Structure	PATH=['Fiber', 'Structure']	ID=DEB_ontology_13082020.Nanofiber	SYNONYM=nanofibre	PROPERTY=	
nanofibre	LABEL=Structure	PATH=['Fiber', 'Structure']	ID=DEB_ontology_13082020.Nanofibre	SYNONYM=	PROPERTY=nanofibrous	
nanohydroxyapetite	LABEL=BiomaterialType	PATH=['BiomaterialType']	ID=DEB_ontology_13082020.Nanohydroxyapetite	SYNONYM=	PROPERTY=	
nanoparticle	LABEL=Structure	PATH=['Structure']	ID=DEB_ontology_13082020.Nanoparticle	SYNONYM=	PROPERTY=	
nanorod	LABEL=Shape	PATH=['Rod', 'Shape']	ID=DEB_ontology_13082020.Nanorod	SYNONYM=	PROPERTY=	
rod	LABEL=Shape	PATH=['Shape']	ID=DEB_ontology_13082020.Rod	SYNONYM=	PROPERTY=	
nanoroughness	LABEL=ManufacturedObjectFeatures	PATH=['PhysicalProperty', 'ManufacturedObjectFeatures']	ID=DEB_ontology_13082020.Nanoroughness	SYNONYM=	PROPERTY=	
nanosphere	LABEL=Shape	PATH=['Sphere', 'Shape']	ID=DEB_ontology_13082020.Nanosphere	SYNONYM=	PROPERTY=	
sphere	LABEL=Shape	PATH=['Shape']	ID=DEB_ontology_13082020.Sphere	SYNONYM=	PROPERTY=	
nanotopography	LABEL=ManufacturedObjectFeatures	PATH=['PhysicalProperty', 'ManufacturedObjectFeatures']	ID=DEB_ontology_13082020.Nanotopography	SYNONYM=	PROPERTY=	
nanotube	LABEL=Structure	PATH=['Structure']	ID=DEB_ontology_13082020.Nanotube	SYNONYM=	PROPERTY=	
nanotubular	LABEL=Shape	PATH=['Tubular', 'Shape']	ID=DEB_ontology_13082020.Nanotubular	SYNONYM=	PROPERTY=	
tubular	LABEL=Shape	PATH=['Shape']	ID=DEB_ontology_13082020.Tubular	SYNONYM=	PROPERTY=	
nanowire	LABEL=Structure	PATH=['Structure']	ID=DEB_ontology_13082020.Nanowire	SYNONYM=	PROPERTY=	
natural material	LABEL=BiomaterialType	PATH=['BiomaterialType']	ID=DEB_ontology_13082020.NaturalMaterial	SYNONYM=	PROPERTY=	
necrosis	LABEL=AdverseEffects	PATH=['AdverseEffects']	ID=DEB_ontology_13082020.Necrosis	SYNONYM=	PROPERTY=	
neocollagenesis	LABEL=AssociatedBiologicalProcess	PATH=['AssociatedBiologicalProcess']	ID=DEB_ontology_13082020.Neocollagenesis	SYNONYM=	PROPERTY=	
neo collagenesis	LABEL=AssociatedBiologicalProcess	PATH=['AssociatedBiologicalProcess']	ID=DEB_ontology_13082020.Neocollagenesis	SYNONYM=	PROPERTY=	PREFSYN=neocollagenesis
neotissue	LABEL=MedicalApplication	PATH=['MedicalApplication']	ID=DEB_ontology_13082020.Neotissue	SYNONYM=	PROPERTY=	
neovascularization	LABEL=AssociatedBiologicalProcess	PATH=['Vascularization', 'AssociatedBiologicalProcess']	ID=DEB_ontology_13082020.Neovascularization	SYNONYM=	PROPERTY=	
vascularization	LABEL=AssociatedBiologicalProcess	PATH=['AssociatedBiologicalProcess']	ID=DEB_ontology_13082020.Vascularization	SYNONYM=	PROPERTY=	
vascularisation	LABEL=AssociatedBiologicalProcess	PATH=['AssociatedBiologicalProcess']	ID=DEB_ontology_13082020.Vascularization	SYNONYM=	PROPERTY=	PREFSYN=vascularization
network	LABEL=Structure	PATH=['Structure']	ID=DEB_ontology_13082020.Network	SYNONYM=	PROPERTY=	
neuronal regeneration	LABEL=MedicalApplication	PATH=['Regeneration', 'MedicalApplication']	ID=DEB_ontology_13082020.NeuronalRegeneration	SYNONYM=	PROPERTY=	
regeneration	LABEL=MedicalApplication	PATH=['MedicalApplication']	ID=DEB_ontology_13082020.Regeneration	SYNONYM=	PROPERTY=	
nodule formation	LABEL=AssociatedBiologicalProcess	PATH=['AssociatedBiologicalProcess']	ID=DEB_ontology_13082020.NoduleFormation	SYNONYM=	PROPERTY=	
non crosslinked	LABEL=ManufacturedObjectFeatures	PATH=['OtherFeatures', 'ManufacturedObjectFeatures']	ID=DEB_ontology_13082020.NonCrosslinked	SYNONYM=	PROPERTY=	
non woven	LABEL=ManufacturedObjectFeatures	PATH=['OtherFeatures', 'ManufacturedObjectFeatures']	ID=DEB_ontology_13082020.NonWoven	SYNONYM=	PROPERTY=	
nonabsorbable	LABEL=DegradationFeatures	PATH=['DegradationFeatures']	ID=DEB_ontology_13082020.Nonabsorbable	SYNONYM=	PROPERTY=permanent	
Non-degradable	LABEL=DegradationFeatures	PATH=['DegradationFeatures']	ID=DEB_ontology_13082020.Nonabsorbable	SYNONYM=	PROPERTY=permanent	PREFSYN=nonabsorbable
nondegradable	LABEL=DegradationFeatures	PATH=['DegradationFeatures']	ID=DEB_ontology_13082020.Nonabsorbable	SYNONYM=	PROPERTY=permanent	PREFSYN=nonabsorbable
nosocomial infection	LABEL=AdverseEffects	PATH=['AdverseEffects']	ID=DEB_ontology_13082020.NosocomialInfection	SYNONYM=	PROPERTY=	
orientation	LABEL=ManufacturedObjectFeatures	PATH=['PhysicalProperty', 'ManufacturedObjectFeatures']	ID=DEB_ontology_13082020.Orientation	SYNONYM=	PROPERTY=	
oriented	LABEL=ArchitecturalOrganization	PATH=['ArchitecturalOrganization']	ID=DEB_ontology_13082020.Oriented	SYNONYM=	PROPERTY=	
osseous alterations	LABEL=EffectOnBiologicalSystem	PATH=['EffectOnBiologicalSystem']	ID=DEB_ontology_13082020.OsseousAlterations	SYNONYM=	PROPERTY=	
osteoconductivity	LABEL=AssociatedBiologicalProcess	PATH=['AssociatedBiologicalProcess']	ID=DEB_ontology_13082020.Osteoconductivity	SYNONYM=	PROPERTY=	
osteoconduction	LABEL=AssociatedBiologicalProcess	PATH=['AssociatedBiologicalProcess']	ID=DEB_ontology_13082020.Osteoconductivity	SYNONYM=	PROPERTY=	PREFSYN=osteoconductivity
osteogenesis	LABEL=AssociatedBiologicalProcess	PATH=['AssociatedBiologicalProcess']	ID=DEB_ontology_13082020.Osteogenesis	SYNONYM=	PROPERTY=osteogenic	
osteogenic differentiation	LABEL=AssociatedBiologicalProcess	PATH=['CellDifferentiation', 'AssociatedBiologicalProcess']	ID=DEB_ontology_13082020.OsteogenicDifferentiation	SYNONYM=	PROPERTY=	
osteodifferentiation	LABEL=AssociatedBiologicalProcess	PATH=['CellDifferentiation', 'AssociatedBiologicalProcess']	ID=DEB_ontology_13082020.OsteogenicDifferentiation	SYNONYM=	PROPERTY=	PREFSYN=osteogenic differentiation
osteogenic induction factors	LABEL=BiologicallyActiveSubstance	PATH=['BiologicallyActiveSubstance']	ID=DEB_ontology_13082020.OsteogenicInductionFactors	SYNONYM=	PROPERTY=	
osteoinduction	LABEL=AssociatedBiologicalProcess	PATH=['AssociatedBiologicalProcess']	ID=DEB_ontology_13082020.Osteoinduction	SYNONYM=	PROPERTY=osteoinductive	
osteoinductivity	LABEL=AssociatedBiologicalProcess	PATH=['AssociatedBiologicalProcess']	ID=DEB_ontology_13082020.Osteoinduction	SYNONYM=	PROPERTY=osteoinductive	PREFSYN=osteoinduction
osteointegration	LABEL=AssociatedBiologicalProcess	PATH=['AssociatedBiologicalProcess']	ID=DEB_ontology_13082020.Osteointegration	SYNONYM=	PROPERTY=	
PCL	LABEL=Biomaterial	PATH=['Biomaterial']	ID=DEB_ontology_13082020.PCL	SYNONYM=	PROPERTY=	
PDSII	LABEL=Biomaterial	PATH=['Polydioxanone', 'Biomaterial']	ID=DEB_ontology_13082020.PDSII	SYNONYM=	PROPERTY=	
polydioxanone	LABEL=Biomaterial	PATH=['Biomaterial']	ID=DEB_ontology_13082020.Polydioxanone	SYNONYM=	PROPERTY=	
PDO	LABEL=Biomaterial	PATH=['Biomaterial']	ID=DEB_ontology_13082020.Polydioxanone	SYNONYM=	PROPERTY=	PREFSYN=polydioxanone
PDS	LABEL=Biomaterial	PATH=['Biomaterial']	ID=DEB_ontology_13082020.Polydioxanone	SYNONYM=	PROPERTY=	PREFSYN=polydioxanone
PDX	LABEL=Biomaterial	PATH=['Biomaterial']	ID=DEB_ontology_13082020.Polydioxanone	SYNONYM=	PROPERTY=	PREFSYN=polydioxanone
polidioxanone	LABEL=Biomaterial	PATH=['Biomaterial']	ID=DEB_ontology_13082020.Polydioxanone	SYNONYM=	PROPERTY=	PREFSYN=polydioxanone
polydioxanon	LABEL=Biomaterial	PATH=['Biomaterial']	ID=DEB_ontology_13082020.Polydioxanone	SYNONYM=	PROPERTY=	PREFSYN=polydioxanone
p-dioxanone	LABEL=Biomaterial	PATH=['Biomaterial']	ID=DEB_ontology_13082020.Polydioxanone	SYNONYM=	PROPERTY=	PREFSYN=polydioxanone
poly(dioxanone)	LABEL=Biomaterial	PATH=['Biomaterial']	ID=DEB_ontology_13082020.Polydioxanone	SYNONYM=	PROPERTY=	PREFSYN=polydioxanone
poly-dioxanone	LABEL=Biomaterial	PATH=['Biomaterial']	ID=DEB_ontology_13082020.Polydioxanone	SYNONYM=	PROPERTY=	PREFSYN=polydioxanone
PLLA	LABEL=Biomaterial	PATH=['Biomaterial']	ID=DEB_ontology_13082020.PLLA	SYNONYM=	PROPERTY=	
PMMA	LABEL=Biomaterial	PATH=['BoneCement', 'Biomaterial']	ID=DEB_ontology_13082020.PMMA	SYNONYM=	PROPERTY=	
particle	LABEL=Structure	PATH=['Structure']	ID=DEB_ontology_13082020.Particle	SYNONYM=	PROPERTY=	
patch	LABEL=ManufacturedObject	PATH=['SurgicalImplant', 'ManufacturedObject']	ID=DEB_ontology_13082020.Patch	SYNONYM=	PROPERTY=	
pepsin treatment	LABEL=MaterialProcessing	PATH=['EnzymaticTreatment', 'MaterialProcessing']	ID=DEB_ontology_13082020.PepsinTreatment	SYNONYM=	PROPERTY=	
perforation	LABEL=MaterialProcessing	PATH=['MaterialProcessing']	ID=DEB_ontology_13082020.Perforation	SYNONYM=	PROPERTY=perforated	
periodontal surgery	LABEL=MedicalApplication	PATH=['SurgicalProcedure', 'MedicalApplication']	ID=DEB_ontology_13082020.PeriodontalSurgery	SYNONYM=	PROPERTY=	
photocrosslinking	LABEL=MaterialProcessing	PATH=['Crosslinking', 'MaterialProcessing']	ID=DEB_ontology_13082020.Photocrosslinking	SYNONYM=	PROPERTY=photocrosslinked	
pin	LABEL=ManufacturedObject	PATH=['SurgicalImplant', 'ManufacturedObject']	ID=DEB_ontology_13082020.Pin	SYNONYM=	PROPERTY=	
plasma treatment	LABEL=MaterialProcessing	PATH=['MaterialProcessing']	ID=DEB_ontology_13082020.PlasmaTreatment	SYNONYM=	PROPERTY=plasmatreated	
platelet rich plasma	LABEL=BiologicallyActiveSubstance	PATH=['BiologicallyActiveSubstance']	ID=DEB_ontology_13082020.PlateletRichPlasma	SYNONYM=	PROPERTY=	
PRP	LABEL=BiologicallyActiveSubstance	PATH=['BiologicallyActiveSubstance']	ID=DEB_ontology_13082020.PlateletRichPlasma	SYNONYM=	PROPERTY=	PREFSYN=platelet rich plasma
polishing	LABEL=MaterialProcessing	PATH=['MaterialProcessing']	ID=DEB_ontology_13082020.Polishing	SYNONYM=	PROPERTY=polished	
poly-p-dioxanone	LABEL=Biomaterial	PATH=['Polydioxanone', 'Biomaterial']	ID=DEB_ontology_13082020.Poly-p-dioxanone	SYNONYM=	PROPERTY=	
PPDO	LABEL=Biomaterial	PATH=['Polydioxanone', 'Biomaterial']	ID=DEB_ontology_13082020.Poly-p-dioxanone	SYNONYM=	PROPERTY=	PREFSYN=poly-p-dioxanone
polyethylene terephthalate	LABEL=Biomaterial	PATH=['Biomaterial']	ID=DEB_ontology_13082020.PolyethyleneTerephthalate	SYNONYM=	PROPERTY=	
dacron	LABEL=Biomaterial	PATH=['Biomaterial']	ID=DEB_ontology_13082020.PolyethyleneTerephthalate	SYNONYM=	PROPERTY=	PREFSYN=polyethylene terephthalate
polyethyleneglycol	LABEL=Biomaterial	PATH=['Biomaterial']	ID=DEB_ontology_13082020.Polyethyleneglycol	SYNONYM=	PROPERTY=	
PEG	LABEL=Biomaterial	PATH=['Biomaterial']	ID=DEB_ontology_13082020.Polyethyleneglycol	SYNONYM=	PROPERTY=	PREFSYN=polyethyleneglycol
polyglactin910	LABEL=Biomaterial	PATH=['Biomaterial']	ID=DEB_ontology_13082020.Polyglactin910	SYNONYM=	PROPERTY=	
PG910	LABEL=Biomaterial	PATH=['Biomaterial']	ID=DEB_ontology_13082020.Polyglactin910	SYNONYM=	PROPERTY=	PREFSYN=polyglactin910
polyglycolic acid	LABEL=Biomaterial	PATH=['Biomaterial']	ID=DEB_ontology_13082020.PolyglycolicAcid	SYNONYM=	PROPERTY=	
dexon	LABEL=Biomaterial	PATH=['Biomaterial']	ID=DEB_ontology_13082020.PolyglycolicAcid	SYNONYM=	PROPERTY=	PREFSYN=polyglycolic acid
PGA	LABEL=Biomaterial	PATH=['Biomaterial']	ID=DEB_ontology_13082020.PolyglycolicAcid	SYNONYM=	PROPERTY=	PREFSYN=polyglycolic acid
polylacticacid	LABEL=Biomaterial	PATH=['Biomaterial']	ID=DEB_ontology_13082020.Polylacticacid	SYNONYM=	PROPERTY=	
PLA	LABEL=Biomaterial	PATH=['Biomaterial']	ID=DEB_ontology_13082020.Polylacticacid	SYNONYM=	PROPERTY=	PREFSYN=polylacticacid
poly(d	LABEL=Biomaterial	PATH=['Biomaterial']	ID=DEB_ontology_13082020.Polylacticacid	SYNONYM=	PROPERTY=	PREFSYN=polylacticacid
l-lacticacid)	LABEL=Biomaterial	PATH=['Biomaterial']	ID=DEB_ontology_13082020.Polylacticacid	SYNONYM=	PROPERTY=	PREFSYN=polylacticacid
polylysine	LABEL=Biomaterial	PATH=['Biomaterial']	ID=DEB_ontology_13082020.Polylysine	SYNONYM=	PROPERTY=	
polymer	LABEL=BiomaterialType	PATH=['BiomaterialType']	ID=DEB_ontology_13082020.Polymer	SYNONYM=	PROPERTY=polymeric	
polymers	LABEL=BiomaterialType	PATH=['BiomaterialType']	ID=DEB_ontology_13082020.Polymer	SYNONYM=	PROPERTY=polymeric	PREFSYN=polymer
polymeric	LABEL=BiomaterialType	PATH=['BiomaterialType']	ID=DEB_ontology_13082020.Polymer	SYNONYM=	PROPERTY=polymeric	PREFSYN=polymer
polymerization	LABEL=MaterialProcessing	PATH=['MaterialProcessing']	ID=DEB_ontology_13082020.Polymerization	SYNONYM=	PROPERTY=polymerized	
polytetrafluoroethylene	LABEL=Biomaterial	PATH=['Biomaterial']	ID=DEB_ontology_13082020.Polytetrafluoroethylene	SYNONYM=	PROPERTY=	
PTFE	LABEL=Biomaterial	PATH=['Biomaterial']	ID=DEB_ontology_13082020.Polytetrafluoroethylene	SYNONYM=	PROPERTY=	PREFSYN=polytetrafluoroethylene
teflon	LABEL=Biomaterial	PATH=['Biomaterial']	ID=DEB_ontology_13082020.Polytetrafluoroethylene	SYNONYM=	PROPERTY=	PREFSYN=polytetrafluoroethylene
postoperative adhesion	LABEL=AdverseEffects	PATH=['AdhesionFormation', 'AdverseEffects']	ID=DEB_ontology_13082020.PostoperativeAdhesion	SYNONYM=	PROPERTY=	
powder	LABEL=Structure	PATH=['Structure']	ID=DEB_ontology_13082020.Powder	SYNONYM=	PROPERTY=powdered	
precoating	LABEL=MaterialProcessing	PATH=['Coating', 'MaterialProcessing']	ID=DEB_ontology_13082020.Precoating	SYNONYM=	PROPERTY=precoated	
preconditioning	LABEL=MaterialProcessing	PATH=['MaterialProcessing']	ID=DEB_ontology_13082020.Preconditioning	SYNONYM=	PROPERTY=preconditioned	
printing	LABEL=MaterialProcessing	PATH=['MaterialProcessing']	ID=DEB_ontology_13082020.Printing	SYNONYM=	PROPERTY=	
proliferation	LABEL=AssociatedBiologicalProcess	PATH=['AssociatedBiologicalProcess']	ID=DEB_ontology_13082020.Proliferation	SYNONYM=	PROPERTY=	
prospective	LABEL=StudyType	PATH=['ClinicalStudy', 'StudyType']	ID=DEB_ontology_13082020.Prospective	SYNONYM=	PROPERTY=	
pull out strength	LABEL=ManufacturedObjectFeatures	PATH=['MechanicalProperty', 'ManufacturedObjectFeatures']	ID=DEB_ontology_13082020.PullOutStrength	SYNONYM=	PROPERTY=	
purification	LABEL=MaterialProcessing	PATH=['MaterialProcessing']	ID=DEB_ontology_13082020.Purification	SYNONYM=	PROPERTY=	
RGD	LABEL=BiologicallyActiveSubstance	PATH=['BiologicallyActiveSubstance']	ID=DEB_ontology_13082020.RGD	SYNONYM=	PROPERTY=	
radial compressive strength	LABEL=ManufacturedObjectFeatures	PATH=['MechanicalProperty', 'ManufacturedObjectFeatures']	ID=DEB_ontology_13082020.RadialCompressiveStrength	SYNONYM=	PROPERTY=	
radialcompressionstrength	LABEL=ManufacturedObjectFeatures	PATH=['MechanicalProperty', 'ManufacturedObjectFeatures']	ID=DEB_ontology_13082020.RadialCompressiveStrength	SYNONYM=	PROPERTY=	PREFSYN=radial compressive strength
re-endothelization	LABEL=AssociatedBiologicalProcess	PATH=['AssociatedBiologicalProcess']	ID=DEB_ontology_13082020.Re-endothelization	SYNONYM=	PROPERTY=	
recoarctation	LABEL=AdverseEffects	PATH=['AdverseEffects']	ID=DEB_ontology_13082020.Recoarctation	SYNONYM=	PROPERTY=	
recombinant human bone morphogenetic protein	LABEL=BiologicallyActiveSubstance	PATH=['BMP', 'BiologicallyActiveSubstance']	ID=DEB_ontology_13082020.RecombinantHumanBoneMorphogeneticProtein	SYNONYM=	PROPERTY=	
rhBMP	LABEL=BiologicallyActiveSubstance	PATH=['BMP', 'BiologicallyActiveSubstance']	ID=DEB_ontology_13082020.RecombinantHumanBoneMorphogeneticProtein	SYNONYM=	PROPERTY=	PREFSYN=recombinant human bone morphogenetic protein
reinforcement	LABEL=MaterialProcessing	PATH=['MaterialProcessing']	ID=DEB_ontology_13082020.Reinforcement	SYNONYM=	PROPERTY=reinforced	
reinnervation	LABEL=AssociatedBiologicalProcess	PATH=['AssociatedBiologicalProcess']	ID=DEB_ontology_13082020.Reinnervation	SYNONYM=	PROPERTY=	
re-innervation	LABEL=AssociatedBiologicalProcess	PATH=['AssociatedBiologicalProcess']	ID=DEB_ontology_13082020.Reinnervation	SYNONYM=	PROPERTY=	PREFSYN=reinnervation
repair of skull	LABEL=MedicalApplication	PATH=['SurgicalProcedure', 'MedicalApplication']	ID=DEB_ontology_13082020.RepairOfSkull	SYNONYM=	PROPERTY=	
resorption	LABEL=DegradationFeatures	PATH=['DegradationFeatures']	ID=DEB_ontology_13082020.Resorption	SYNONYM=	PROPERTY=resorbable	
resurfacing	LABEL=MaterialProcessing	PATH=['MaterialProcessing']	ID=DEB_ontology_13082020.Resurfacing	SYNONYM=	PROPERTY=	
retinal detachment	LABEL=AdverseEffects	PATH=['AdverseEffects']	ID=DEB_ontology_13082020.RetinalDetachment	SYNONYM=	PROPERTY=	
retrospective	LABEL=StudyType	PATH=['ClinicalStudy', 'StudyType']	ID=DEB_ontology_13082020.Retrospective	SYNONYM=	PROPERTY=	
revascularization	LABEL=AssociatedBiologicalProcess	PATH=['Vascularization', 'AssociatedBiologicalProcess']	ID=DEB_ontology_13082020.Revascularization	SYNONYM=	PROPERTY=	
ring	LABEL=Shape	PATH=['Shape']	ID=DEB_ontology_13082020.Ring	SYNONYM=	PROPERTY=	
roughening	LABEL=MaterialProcessing	PATH=['MaterialProcessing']	ID=DEB_ontology_13082020.Roughening	SYNONYM=	PROPERTY=roughened	
sandblasting	LABEL=MaterialProcessing	PATH=['MaterialProcessing']	ID=DEB_ontology_13082020.Sandblasting	SYNONYM=	PROPERTY=sandblasted	
scaffold mineralization	LABEL=AssociatedBiologicalProcess	PATH=['AssociatedBiologicalProcess']	ID=DEB_ontology_13082020.ScaffoldMineralization	SYNONYM=	PROPERTY=	
screw	LABEL=ManufacturedObject	PATH=['SurgicalImplant', 'ManufacturedObject']	ID=DEB_ontology_13082020.Screw	SYNONYM=	PROPERTY=	
secondary infection	LABEL=AdverseEffects	PATH=['AdverseEffects']	ID=DEB_ontology_13082020.SecondaryInfection	SYNONYM=	PROPERTY=	
self assembling	LABEL=ManufacturedObjectFeatures	PATH=['OtherFeatures', 'ManufacturedObjectFeatures']	ID=DEB_ontology_13082020.SelfAssembling	SYNONYM=	PROPERTY=	
self-assembling	LABEL=ManufacturedObjectFeatures	PATH=['OtherFeatures', 'ManufacturedObjectFeatures']	ID=DEB_ontology_13082020.SelfAssembling	SYNONYM=	PROPERTY=	PREFSYN=self assembling
semipermeablity	LABEL=ManufacturedObjectFeatures	PATH=['PhysicalProperty', 'ManufacturedObjectFeatures']	ID=DEB_ontology_13082020.Semipermeablity	SYNONYM=	PROPERTY=semipermeable	
semi-permeable	LABEL=ManufacturedObjectFeatures	PATH=['PhysicalProperty', 'ManufacturedObjectFeatures']	ID=DEB_ontology_13082020.Semipermeablity	SYNONYM=	PROPERTY=semipermeable	PREFSYN=semipermeablity
septoplasty	LABEL=MedicalApplication	PATH=['SurgicalProcedure', 'MedicalApplication']	ID=DEB_ontology_13082020.Septoplasty	SYNONYM=	PROPERTY=	
sheet	LABEL=Structure	PATH=['Structure']	ID=DEB_ontology_13082020.Sheet	SYNONYM=	PROPERTY=	
shell	LABEL=ManufacturedObjectComponent	PATH=['ManufacturedObjectComponent']	ID=DEB_ontology_13082020.Shell	SYNONYM=	PROPERTY=	
shell-core	LABEL=Structure	PATH=['Structure']	ID=DEB_ontology_13082020.Shell-core	SYNONYM=	PROPERTY=	
si r n a	LABEL=BiologicallyActiveSubstance	PATH=['BiologicallyActiveSubstance']	ID=DEB_ontology_13082020.SiRNA	SYNONYM=	PROPERTY=	
sintering	LABEL=MaterialProcessing	PATH=['MaterialProcessing']	ID=DEB_ontology_13082020.Sintering	SYNONYM=	PROPERTY=sintered	
size	LABEL=ManufacturedObjectFeatures	PATH=['PhysicalProperty', 'ManufacturedObjectFeatures']	ID=DEB_ontology_13082020.Size	SYNONYM=	PROPERTY=	
skin closure	LABEL=MedicalApplication	PATH=['SurgicalProcedure', 'MedicalApplication']	ID=DEB_ontology_13082020.SkinClosure	SYNONYM=	PROPERTY=	
skin irritation	LABEL=AdverseEffects	PATH=['AdverseEffects']	ID=DEB_ontology_13082020.SkinIrritation	SYNONYM=	PROPERTY=	
sol-gel	LABEL=MaterialProcessing	PATH=['MaterialProcessing']	ID=DEB_ontology_13082020.Sol-gel	SYNONYM=	PROPERTY=	
spheroid	LABEL=Shape	PATH=['Shape']	ID=DEB_ontology_13082020.Spheroid	SYNONYM=	PROPERTY=	
spidroin	LABEL=Biomaterial	PATH=['Silk', 'Biomaterial']	ID=DEB_ontology_13082020.Spidroin	SYNONYM=	PROPERTY=	
spiral	LABEL=Shape	PATH=['Shape']	ID=DEB_ontology_13082020.Spiral	SYNONYM=	PROPERTY=	
sponge	LABEL=Structure	PATH=['Structure']	ID=DEB_ontology_13082020.Sponge	SYNONYM=	PROPERTY=spongy	
spring	LABEL=Shape	PATH=['Shape']	ID=DEB_ontology_13082020.Spring	SYNONYM=	PROPERTY=	
sputtering	LABEL=MaterialProcessing	PATH=['MaterialProcessing']	ID=DEB_ontology_13082020.Sputtering	SYNONYM=	PROPERTY=	
stent insertion	LABEL=MedicalApplication	PATH=['SurgicalProcedure', 'MedicalApplication']	ID=DEB_ontology_13082020.StentInsertion	SYNONYM=	PROPERTY=	
stiffness	LABEL=ManufacturedObjectFeatures	PATH=['MechanicalProperty', 'ManufacturedObjectFeatures']	ID=DEB_ontology_13082020.Stiffness	SYNONYM=	PROPERTY=	
surface functionalization	LABEL=MaterialProcessing	PATH=['MaterialProcessing']	ID=DEB_ontology_13082020.SurfaceFunctionalization	SYNONYM=	PROPERTY=	
surface hydrophilicity	LABEL=ManufacturedObjectFeatures	PATH=['PhysicalProperty', 'ManufacturedObjectFeatures']	ID=DEB_ontology_13082020.SurfaceHydrophilicity	SYNONYM=	PROPERTY=hydrophilic	
surface roughness	LABEL=ManufacturedObjectFeatures	PATH=['PhysicalProperty', 'ManufacturedObjectFeatures']	ID=DEB_ontology_13082020.SurfaceRoughness	SYNONYM=	PROPERTY=	
surface topography	LABEL=ManufacturedObjectFeatures	PATH=['PhysicalProperty', 'ManufacturedObjectFeatures']	ID=DEB_ontology_13082020.SurfaceTopography	SYNONYM=	PROPERTY=	
surgical repair	LABEL=MedicalApplication	PATH=['SurgicalProcedure', 'MedicalApplication']	ID=DEB_ontology_13082020.SurgicalRepair	SYNONYM=	PROPERTY=	
suture	LABEL=ManufacturedObject	PATH=['SurgicalImplant', 'ManufacturedObject']	ID=DEB_ontology_13082020.Suture	SYNONYM=	PROPERTY=	
synethtic polymer	LABEL=BiomaterialType	PATH=['Polymer', 'BiomaterialType']	ID=DEB_ontology_13082020.SynethticPolymer	SYNONYM=	PROPERTY=	
synthetic material	LABEL=BiomaterialType	PATH=['BiomaterialType']	ID=DEB_ontology_13082020.SyntheticMaterial	SYNONYM=	PROPERTY=	
tendon healing	LABEL=MedicalApplication	PATH=['Regeneration', 'MedicalApplication']	ID=DEB_ontology_13082020.TendonHealing	SYNONYM=	PROPERTY=	
tenogenic differentiation	LABEL=AssociatedBiologicalProcess	PATH=['CellDifferentiation', 'AssociatedBiologicalProcess']	ID=DEB_ontology_13082020.TenogenicDifferentiation	SYNONYM=	PROPERTY=	
tensile strength	LABEL=ManufacturedObjectFeatures	PATH=['MechanicalProperty', 'ManufacturedObjectFeatures']	ID=DEB_ontology_13082020.TensileStrength	SYNONYM=ultimate strength	PROPERTY=	
textile	LABEL=Structure	PATH=['Structure']	ID=DEB_ontology_13082020.Textile	SYNONYM=	PROPERTY=	
thermal decomposition temperature	LABEL=ManufacturedObjectFeatures	PATH=['PhysicalProperty', 'ManufacturedObjectFeatures']	ID=DEB_ontology_13082020.ThermalDecompositionTemperature	SYNONYM=	PROPERTY=	
thermally induced phase separation	LABEL=MaterialProcessing	PATH=['MaterialProcessing']	ID=DEB_ontology_13082020.ThermallyInducedPhaseSeparation	SYNONYM=	PROPERTY=	
thermocycling	LABEL=MaterialProcessing	PATH=['MaterialProcessing']	ID=DEB_ontology_13082020.Thermocycling	SYNONYM=	PROPERTY=	
thermogel	LABEL=Structure	PATH=['Gel', 'Structure']	ID=DEB_ontology_13082020.Thermogel	SYNONYM=	PROPERTY=	
thickness	LABEL=ManufacturedObjectFeatures	PATH=['PhysicalProperty', 'ManufacturedObjectFeatures']	ID=DEB_ontology_13082020.Thickness	SYNONYM=	PROPERTY=	
thin film	LABEL=Structure	PATH=['Film', 'Structure']	ID=DEB_ontology_13082020.ThinFilm	SYNONYM=	PROPERTY=	
thread	LABEL=Structure	PATH=['Structure']	ID=DEB_ontology_13082020.Thread	SYNONYM=	PROPERTY=	
ti-6 al-4 v	LABEL=Biomaterial	PATH=['Biomaterial']	ID=DEB_ontology_13082020.Ti-6Al-4V	SYNONYM=	PROPERTY=	
tissue integration	LABEL=EffectOnBiologicalSystem	PATH=['EffectOnBiologicalSystem']	ID=DEB_ontology_13082020.TissueIntegration	SYNONYM=	PROPERTY=	
tissue regeneration	LABEL=MedicalApplication	PATH=['MedicalApplication']	ID=DEB_ontology_13082020.TissueRegeneration	SYNONYM=	PROPERTY=	
titanium	LABEL=Biomaterial	PATH=['Biomaterial']	ID=DEB_ontology_13082020.Titanium	SYNONYM=	PROPERTY=	
topology	LABEL=ManufacturedObjectFeatures	PATH=['PhysicalProperty', 'ManufacturedObjectFeatures']	ID=DEB_ontology_13082020.Topology	SYNONYM=	PROPERTY=	
toughness	LABEL=ManufacturedObjectFeatures	PATH=['MechanicalProperty', 'ManufacturedObjectFeatures']	ID=DEB_ontology_13082020.Toughness	SYNONYM=	PROPERTY=	
toxicity	LABEL=AdverseEffects	PATH=['AdverseEffects']	ID=DEB_ontology_13082020.Toxicity	SYNONYM=	PROPERTY=toxic	
tripolymer	LABEL=BiomaterialType	PATH=['BiomaterialType']	ID=DEB_ontology_13082020.Tripolymer	SYNONYM=	PROPERTY=	
tube	LABEL=Structure	PATH=['Structure']	ID=DEB_ontology_13082020.Tube	SYNONYM=	PROPERTY=	
tubes	LABEL=Structure	PATH=['Structure']	ID=DEB_ontology_13082020.Tube	SYNONYM=	PROPERTY=	PREFSYN=tube
two-layered closure	LABEL=MedicalApplication	PATH=['MedicalApplication']	ID=DEB_ontology_13082020.Two-layeredClosure	SYNONYM=	PROPERTY=	
type i collagen	LABEL=BiologicallyActiveSubstance	PATH=['Collagen', 'BiologicallyActiveSubstance']	ID=DEB_ontology_13082020.TypeICollagen	SYNONYM=	PROPERTY=	
collagen(TypeI)	LABEL=BiologicallyActiveSubstance	PATH=['Collagen', 'BiologicallyActiveSubstance']	ID=DEB_ontology_13082020.TypeICollagen	SYNONYM=	PROPERTY=	PREFSYN=type i collagen
ultimate tensile strength	LABEL=ManufacturedObjectFeatures	PATH=['MechanicalProperty', 'ManufacturedObjectFeatures']	ID=DEB_ontology_13082020.UltimateTensileStrength	SYNONYM=	PROPERTY=	
unidirectional	LABEL=ArchitecturalOrganization	PATH=['ArchitecturalOrganization']	ID=DEB_ontology_13082020.Unidirectional	SYNONYM=	PROPERTY=	
vocal fold augmentation	LABEL=MedicalApplication	PATH=['TissueReconstruction', 'MedicalApplication']	ID=DEB_ontology_13082020.VocalFoldAugmentation	SYNONYM=	PROPERTY=	
weaving	LABEL=MaterialProcessing	PATH=['MaterialProcessing']	ID=DEB_ontology_13082020.Weaving	SYNONYM=	PROPERTY=woven	
wettability	LABEL=ManufacturedObjectFeatures	PATH=['PhysicalProperty', 'ManufacturedObjectFeatures']	ID=DEB_ontology_13082020.Wettability	SYNONYM=	PROPERTY=	
wire	LABEL=Structure	PATH=['Structure']	ID=DEB_ontology_13082020.Wire	SYNONYM=	PROPERTY=	
wound abscesses	LABEL=AdverseEffects	PATH=['AdverseEffects']	ID=DEB_ontology_13082020.WoundAbscesses	SYNONYM=	PROPERTY=	
wound dressing	LABEL=MedicalApplication	PATH=['MedicalApplication']	ID=DEB_ontology_13082020.WoundDressing	SYNONYM=	PROPERTY=	
wound healing	LABEL=MedicalApplication	PATH=['Regeneration', 'MedicalApplication']	ID=DEB_ontology_13082020.WoundHealing	SYNONYM=	PROPERTY=	
wrapped	LABEL=ArchitecturalOrganization	PATH=['ArchitecturalOrganization']	ID=DEB_ontology_13082020.Wrapped	SYNONYM=	PROPERTY=	
yarn	LABEL=Structure	PATH=['Structure']	ID=DEB_ontology_13082020.Yarn	SYNONYM=	PROPERTY=	
bioprinting	LABEL=MaterialProcessing	PATH=['Printing', 'MaterialProcessing']	ID=DEB_ontology_13082020.bioprinting	SYNONYM=	PROPERTY=bioprinted	
osteogenicity	LABEL=EffectOnBiologicalSystem	PATH=['EffectOnBiologicalSystem']	ID=DEB_ontology_13082020.osteogenicity	SYNONYM=	PROPERTY=	
2-layer	LABEL=Structure	PATH=['Structure']	ID=DEB_ontology_13082020.2-Layer	SYNONYM=	PROPERTY=	
3d printing	LABEL=MaterialProcessing	PATH=['Printing', 'MaterialProcessing']	ID=DEB_ontology_13082020.3DPrinting	SYNONYM=	PROPERTY=3dprinted	
poly(glycolide-co-epsilon-caprolactone)	LABEL=Biomaterial	PATH=['Biomaterial']	ID=DEB_ontology_13082020.Poly(glycolide-co-epsilon-caprolactone)	SYNONYM=	PROPERTY=	
PGACL	LABEL=Biomaterial	PATH=['Biomaterial']	ID=DEB_ontology_13082020.Poly(glycolide-co-epsilon-caprolactone)	SYNONYM=	PROPERTY=	PREFSYN=poly(glycolide-co-epsilon-caprolactone)
poly(glycolide:lactide)	LABEL=Biomaterial	PATH=['Biomaterial']	ID=DEB_ontology_13082020.Poly(glycolide:lactide)	SYNONYM=	PROPERTY=	
PLGA	LABEL=Biomaterial	PATH=['Biomaterial']	ID=DEB_ontology_13082020.Poly(glycolide:lactide)	SYNONYM=	PROPERTY=	PREFSYN=poly(glycolide:lactide)
young's modulus	LABEL=ManufacturedObjectFeatures	PATH=['MechanicalProperty', 'ManufacturedObjectFeatures']	ID=DEB_ontology_13082020.Young'sModulus	SYNONYM=	PROPERTY=	
